

================================================================
== Vitis HLS Report for 'conv2d_sum_mc_float_14u_14u_3u_3u_64u_14'
================================================================
* Date:           Tue Oct 18 21:18:10 2022

* Version:        2022.1 (Build 3526262 on Mon Apr 18 15:47:01 MDT 2022)
* Project:        forward_prop
* Solution:       solution1 (Vitis Kernel Flow Target)
* Product family: virtexuplus
* Target device:  xcvu5p-flva2104-1-e


================================================================
== Performance Estimates
================================================================
+ Timing: 
    * Summary: 
    +--------+----------+----------+------------+
    |  Clock |  Target  | Estimated| Uncertainty|
    +--------+----------+----------+------------+
    |ap_clk  |  10.00 ns|  7.725 ns|     2.70 ns|
    +--------+----------+----------+------------+

+ Latency: 
    * Summary: 
    +---------+---------+----------+----------+-------+-------+---------+
    |  Latency (cycles) |  Latency (absolute) |    Interval   | Pipeline|
    |   min   |   max   |    min   |    max   |  min  |  max  |   Type  |
    +---------+---------+----------+----------+-------+-------+---------+
    |    13138|    13138|  0.131 ms|  0.131 ms|  13138|  13138|       no|
    +---------+---------+----------+----------+-------+-------+---------+

    + Detail: 
        * Instance: 
        +----------------------------------------------------------------------+----------------------------------------------------------+---------+---------+----------+----------+-------+-------+---------+
        |                                                                      |                                                          |  Latency (cycles) |  Latency (absolute) |    Interval   | Pipeline|
        |                               Instance                               |                          Module                          |   min   |   max   |    min   |    max   |  min  |  max  |   Type  |
        +----------------------------------------------------------------------+----------------------------------------------------------+---------+---------+----------+----------+-------+-------+---------+
        |grp_conv2d_sum_mc_float_14u_14u_3u_3u_64u_14_Pipeline_inputs_fu_6371  |conv2d_sum_mc_float_14u_14u_3u_3u_64u_14_Pipeline_inputs  |    12561|    12561|  0.126 ms|  0.126 ms|  12561|  12561|       no|
        +----------------------------------------------------------------------+----------------------------------------------------------+---------+---------+----------+----------+-------+-------+---------+

        * Loop: 
        N/A



================================================================
== Utilization Estimates
================================================================
* Summary: 
+---------------------+---------+------+---------+--------+-----+
|         Name        | BRAM_18K|  DSP |    FF   |   LUT  | URAM|
+---------------------+---------+------+---------+--------+-----+
|DSP                  |        -|     -|        -|       -|    -|
|Expression           |        -|     -|        0|       2|    -|
|FIFO                 |        -|     -|        -|       -|    -|
|Instance             |        -|    43|     5780|    7090|    -|
|Memory               |        -|     -|        -|       -|    -|
|Multiplexer          |        -|     -|        -|    5413|    -|
|Register             |        -|     -|    19012|       -|    -|
+---------------------+---------+------+---------+--------+-----+
|Total                |        0|    43|    24792|   12505|    0|
+---------------------+---------+------+---------+--------+-----+
|Available SLR        |     1024|  1737|   600577|  300288|  235|
+---------------------+---------+------+---------+--------+-----+
|Utilization SLR (%)  |        0|     2|        4|       4|    0|
+---------------------+---------+------+---------+--------+-----+
|Available            |     2048|  3474|  1201154|  600577|  470|
+---------------------+---------+------+---------+--------+-----+
|Utilization (%)      |        0|     1|        2|       2|    0|
+---------------------+---------+------+---------+--------+-----+

+ Detail: 
    * Instance: 
    +----------------------------------------------------------------------+----------------------------------------------------------+---------+----+------+------+-----+
    |                               Instance                               |                          Module                          | BRAM_18K| DSP|  FF  |  LUT | URAM|
    +----------------------------------------------------------------------+----------------------------------------------------------+---------+----+------+------+-----+
    |grp_conv2d_sum_mc_float_14u_14u_3u_3u_64u_14_Pipeline_inputs_fu_6371  |conv2d_sum_mc_float_14u_14u_3u_3u_64u_14_Pipeline_inputs  |        0|  43|  5780|  7090|    0|
    +----------------------------------------------------------------------+----------------------------------------------------------+---------+----+------+------+-----+
    |Total                                                                 |                                                          |        0|  43|  5780|  7090|    0|
    +----------------------------------------------------------------------+----------------------------------------------------------+---------+----+------+------+-----+

    * DSP: 
    N/A

    * Memory: 
    N/A

    * FIFO: 
    N/A

    * Expression: 
    +-----------------+----------+----+---+----+------------+------------+
    |  Variable Name  | Operation| DSP| FF| LUT| Bitwidth P0| Bitwidth P1|
    +-----------------+----------+----+---+----+------------+------------+
    |ap_block_state1  |        or|   0|  0|   2|           1|           1|
    +-----------------+----------+----+---+----+------------+------------+
    |Total            |          |   0|  0|   2|           1|           1|
    +-----------------+----------+----+---+----+------------+------------+

    * Multiplexer: 
    +----------------------------------------+------+-----------+-----+-----------+
    |                  Name                  |  LUT | Input Size| Bits| Total Bits|
    +----------------------------------------+------+-----------+-----+-----------+
    |ap_NS_fsm                               |  2693|        579|    1|        579|
    |ap_done                                 |     9|          2|    1|          2|
    |conv2d_64_padded_window_stream_14_read  |     9|          2|    1|          2|
    |in_channel_map_stream_14_write          |     9|          2|    1|          2|
    |weights_address0                        |  2693|        577|   10|       5770|
    +----------------------------------------+------+-----------+-----+-----------+
    |Total                                   |  5413|       1162|   14|       6355|
    +----------------------------------------+------+-----------+-----+-----------+

    * Register: 
    +-----------------------------------------------------------------------------------+-----+----+-----+-----------+
    |                                        Name                                       |  FF | LUT| Bits| Const Bits|
    +-----------------------------------------------------------------------------------+-----+----+-----+-----------+
    |ap_CS_fsm                                                                          |  578|   0|  578|          0|
    |ap_done_reg                                                                        |    1|   0|    1|          0|
    |grp_conv2d_sum_mc_float_14u_14u_3u_3u_64u_14_Pipeline_inputs_fu_6371_ap_start_reg  |    1|   0|    1|          0|
    |weights_load_14376_reg_6976                                                        |   32|   0|   32|          0|
    |weights_load_14377_reg_6986                                                        |   32|   0|   32|          0|
    |weights_load_14378_reg_6996                                                        |   32|   0|   32|          0|
    |weights_load_14379_reg_7006                                                        |   32|   0|   32|          0|
    |weights_load_14380_reg_7016                                                        |   32|   0|   32|          0|
    |weights_load_14381_reg_7026                                                        |   32|   0|   32|          0|
    |weights_load_14382_reg_7036                                                        |   32|   0|   32|          0|
    |weights_load_14383_reg_7046                                                        |   32|   0|   32|          0|
    |weights_load_14384_reg_7056                                                        |   32|   0|   32|          0|
    |weights_load_14385_reg_7066                                                        |   32|   0|   32|          0|
    |weights_load_14386_reg_7076                                                        |   32|   0|   32|          0|
    |weights_load_14387_reg_7086                                                        |   32|   0|   32|          0|
    |weights_load_14388_reg_7096                                                        |   32|   0|   32|          0|
    |weights_load_14389_reg_7106                                                        |   32|   0|   32|          0|
    |weights_load_14390_reg_7116                                                        |   32|   0|   32|          0|
    |weights_load_14391_reg_7126                                                        |   32|   0|   32|          0|
    |weights_load_14392_reg_7136                                                        |   32|   0|   32|          0|
    |weights_load_14393_reg_7146                                                        |   32|   0|   32|          0|
    |weights_load_14394_reg_7156                                                        |   32|   0|   32|          0|
    |weights_load_14395_reg_7166                                                        |   32|   0|   32|          0|
    |weights_load_14396_reg_7176                                                        |   32|   0|   32|          0|
    |weights_load_14397_reg_7186                                                        |   32|   0|   32|          0|
    |weights_load_14398_reg_7196                                                        |   32|   0|   32|          0|
    |weights_load_14399_reg_7206                                                        |   32|   0|   32|          0|
    |weights_load_14400_reg_7216                                                        |   32|   0|   32|          0|
    |weights_load_14401_reg_7226                                                        |   32|   0|   32|          0|
    |weights_load_14402_reg_7236                                                        |   32|   0|   32|          0|
    |weights_load_14403_reg_7246                                                        |   32|   0|   32|          0|
    |weights_load_14404_reg_7256                                                        |   32|   0|   32|          0|
    |weights_load_14405_reg_7266                                                        |   32|   0|   32|          0|
    |weights_load_14406_reg_7276                                                        |   32|   0|   32|          0|
    |weights_load_14407_reg_7286                                                        |   32|   0|   32|          0|
    |weights_load_14408_reg_7296                                                        |   32|   0|   32|          0|
    |weights_load_14409_reg_7306                                                        |   32|   0|   32|          0|
    |weights_load_14410_reg_7316                                                        |   32|   0|   32|          0|
    |weights_load_14411_reg_7326                                                        |   32|   0|   32|          0|
    |weights_load_14412_reg_7336                                                        |   32|   0|   32|          0|
    |weights_load_14413_reg_7346                                                        |   32|   0|   32|          0|
    |weights_load_14414_reg_7356                                                        |   32|   0|   32|          0|
    |weights_load_14415_reg_7366                                                        |   32|   0|   32|          0|
    |weights_load_14416_reg_7376                                                        |   32|   0|   32|          0|
    |weights_load_14417_reg_7386                                                        |   32|   0|   32|          0|
    |weights_load_14418_reg_7396                                                        |   32|   0|   32|          0|
    |weights_load_14419_reg_7406                                                        |   32|   0|   32|          0|
    |weights_load_14420_reg_7416                                                        |   32|   0|   32|          0|
    |weights_load_14421_reg_7426                                                        |   32|   0|   32|          0|
    |weights_load_14422_reg_7436                                                        |   32|   0|   32|          0|
    |weights_load_14423_reg_7446                                                        |   32|   0|   32|          0|
    |weights_load_14424_reg_7456                                                        |   32|   0|   32|          0|
    |weights_load_14425_reg_7466                                                        |   32|   0|   32|          0|
    |weights_load_14426_reg_7476                                                        |   32|   0|   32|          0|
    |weights_load_14427_reg_7486                                                        |   32|   0|   32|          0|
    |weights_load_14428_reg_7496                                                        |   32|   0|   32|          0|
    |weights_load_14429_reg_7506                                                        |   32|   0|   32|          0|
    |weights_load_14430_reg_7516                                                        |   32|   0|   32|          0|
    |weights_load_14431_reg_7526                                                        |   32|   0|   32|          0|
    |weights_load_14432_reg_7536                                                        |   32|   0|   32|          0|
    |weights_load_14433_reg_7546                                                        |   32|   0|   32|          0|
    |weights_load_14434_reg_7556                                                        |   32|   0|   32|          0|
    |weights_load_14435_reg_7566                                                        |   32|   0|   32|          0|
    |weights_load_14436_reg_7576                                                        |   32|   0|   32|          0|
    |weights_load_14437_reg_7586                                                        |   32|   0|   32|          0|
    |weights_load_14438_reg_7596                                                        |   32|   0|   32|          0|
    |weights_load_14439_reg_7606                                                        |   32|   0|   32|          0|
    |weights_load_14440_reg_7616                                                        |   32|   0|   32|          0|
    |weights_load_14441_reg_7626                                                        |   32|   0|   32|          0|
    |weights_load_14442_reg_7636                                                        |   32|   0|   32|          0|
    |weights_load_14443_reg_7646                                                        |   32|   0|   32|          0|
    |weights_load_14444_reg_7656                                                        |   32|   0|   32|          0|
    |weights_load_14445_reg_7666                                                        |   32|   0|   32|          0|
    |weights_load_14446_reg_7676                                                        |   32|   0|   32|          0|
    |weights_load_14447_reg_7686                                                        |   32|   0|   32|          0|
    |weights_load_14448_reg_7696                                                        |   32|   0|   32|          0|
    |weights_load_14449_reg_7706                                                        |   32|   0|   32|          0|
    |weights_load_14450_reg_7716                                                        |   32|   0|   32|          0|
    |weights_load_14451_reg_7726                                                        |   32|   0|   32|          0|
    |weights_load_14452_reg_7736                                                        |   32|   0|   32|          0|
    |weights_load_14453_reg_7746                                                        |   32|   0|   32|          0|
    |weights_load_14454_reg_7756                                                        |   32|   0|   32|          0|
    |weights_load_14455_reg_7766                                                        |   32|   0|   32|          0|
    |weights_load_14456_reg_7776                                                        |   32|   0|   32|          0|
    |weights_load_14457_reg_7786                                                        |   32|   0|   32|          0|
    |weights_load_14458_reg_7796                                                        |   32|   0|   32|          0|
    |weights_load_14459_reg_7806                                                        |   32|   0|   32|          0|
    |weights_load_14460_reg_7816                                                        |   32|   0|   32|          0|
    |weights_load_14461_reg_7826                                                        |   32|   0|   32|          0|
    |weights_load_14462_reg_7836                                                        |   32|   0|   32|          0|
    |weights_load_14463_reg_7846                                                        |   32|   0|   32|          0|
    |weights_load_14464_reg_7856                                                        |   32|   0|   32|          0|
    |weights_load_14465_reg_7866                                                        |   32|   0|   32|          0|
    |weights_load_14466_reg_7876                                                        |   32|   0|   32|          0|
    |weights_load_14467_reg_7886                                                        |   32|   0|   32|          0|
    |weights_load_14468_reg_7896                                                        |   32|   0|   32|          0|
    |weights_load_14469_reg_7906                                                        |   32|   0|   32|          0|
    |weights_load_14470_reg_7916                                                        |   32|   0|   32|          0|
    |weights_load_14471_reg_7926                                                        |   32|   0|   32|          0|
    |weights_load_14472_reg_7936                                                        |   32|   0|   32|          0|
    |weights_load_14473_reg_7946                                                        |   32|   0|   32|          0|
    |weights_load_14474_reg_7956                                                        |   32|   0|   32|          0|
    |weights_load_14475_reg_7966                                                        |   32|   0|   32|          0|
    |weights_load_14476_reg_7976                                                        |   32|   0|   32|          0|
    |weights_load_14477_reg_7986                                                        |   32|   0|   32|          0|
    |weights_load_14478_reg_7996                                                        |   32|   0|   32|          0|
    |weights_load_14479_reg_8006                                                        |   32|   0|   32|          0|
    |weights_load_14480_reg_8016                                                        |   32|   0|   32|          0|
    |weights_load_14481_reg_8026                                                        |   32|   0|   32|          0|
    |weights_load_14482_reg_8036                                                        |   32|   0|   32|          0|
    |weights_load_14483_reg_8046                                                        |   32|   0|   32|          0|
    |weights_load_14484_reg_8056                                                        |   32|   0|   32|          0|
    |weights_load_14485_reg_8066                                                        |   32|   0|   32|          0|
    |weights_load_14486_reg_8076                                                        |   32|   0|   32|          0|
    |weights_load_14487_reg_8086                                                        |   32|   0|   32|          0|
    |weights_load_14488_reg_8096                                                        |   32|   0|   32|          0|
    |weights_load_14489_reg_8106                                                        |   32|   0|   32|          0|
    |weights_load_14490_reg_8116                                                        |   32|   0|   32|          0|
    |weights_load_14491_reg_8126                                                        |   32|   0|   32|          0|
    |weights_load_14492_reg_8136                                                        |   32|   0|   32|          0|
    |weights_load_14493_reg_8146                                                        |   32|   0|   32|          0|
    |weights_load_14494_reg_8156                                                        |   32|   0|   32|          0|
    |weights_load_14495_reg_8166                                                        |   32|   0|   32|          0|
    |weights_load_14496_reg_8176                                                        |   32|   0|   32|          0|
    |weights_load_14497_reg_8186                                                        |   32|   0|   32|          0|
    |weights_load_14498_reg_8196                                                        |   32|   0|   32|          0|
    |weights_load_14499_reg_8206                                                        |   32|   0|   32|          0|
    |weights_load_14500_reg_8216                                                        |   32|   0|   32|          0|
    |weights_load_14501_reg_8226                                                        |   32|   0|   32|          0|
    |weights_load_14502_reg_8236                                                        |   32|   0|   32|          0|
    |weights_load_14503_reg_8246                                                        |   32|   0|   32|          0|
    |weights_load_14504_reg_8256                                                        |   32|   0|   32|          0|
    |weights_load_14505_reg_8266                                                        |   32|   0|   32|          0|
    |weights_load_14506_reg_8276                                                        |   32|   0|   32|          0|
    |weights_load_14507_reg_8286                                                        |   32|   0|   32|          0|
    |weights_load_14508_reg_8296                                                        |   32|   0|   32|          0|
    |weights_load_14509_reg_8306                                                        |   32|   0|   32|          0|
    |weights_load_14510_reg_8316                                                        |   32|   0|   32|          0|
    |weights_load_14511_reg_8326                                                        |   32|   0|   32|          0|
    |weights_load_14512_reg_8336                                                        |   32|   0|   32|          0|
    |weights_load_14513_reg_8346                                                        |   32|   0|   32|          0|
    |weights_load_14514_reg_8356                                                        |   32|   0|   32|          0|
    |weights_load_14515_reg_8366                                                        |   32|   0|   32|          0|
    |weights_load_14516_reg_8376                                                        |   32|   0|   32|          0|
    |weights_load_14517_reg_8386                                                        |   32|   0|   32|          0|
    |weights_load_14518_reg_8396                                                        |   32|   0|   32|          0|
    |weights_load_14519_reg_8406                                                        |   32|   0|   32|          0|
    |weights_load_14520_reg_8416                                                        |   32|   0|   32|          0|
    |weights_load_14521_reg_8426                                                        |   32|   0|   32|          0|
    |weights_load_14522_reg_8436                                                        |   32|   0|   32|          0|
    |weights_load_14523_reg_8446                                                        |   32|   0|   32|          0|
    |weights_load_14524_reg_8456                                                        |   32|   0|   32|          0|
    |weights_load_14525_reg_8466                                                        |   32|   0|   32|          0|
    |weights_load_14526_reg_8476                                                        |   32|   0|   32|          0|
    |weights_load_14527_reg_8486                                                        |   32|   0|   32|          0|
    |weights_load_14528_reg_8496                                                        |   32|   0|   32|          0|
    |weights_load_14529_reg_8506                                                        |   32|   0|   32|          0|
    |weights_load_14530_reg_8516                                                        |   32|   0|   32|          0|
    |weights_load_14531_reg_8526                                                        |   32|   0|   32|          0|
    |weights_load_14532_reg_8536                                                        |   32|   0|   32|          0|
    |weights_load_14533_reg_8546                                                        |   32|   0|   32|          0|
    |weights_load_14534_reg_8556                                                        |   32|   0|   32|          0|
    |weights_load_14535_reg_8566                                                        |   32|   0|   32|          0|
    |weights_load_14536_reg_8576                                                        |   32|   0|   32|          0|
    |weights_load_14537_reg_8586                                                        |   32|   0|   32|          0|
    |weights_load_14538_reg_8596                                                        |   32|   0|   32|          0|
    |weights_load_14539_reg_8606                                                        |   32|   0|   32|          0|
    |weights_load_14540_reg_8616                                                        |   32|   0|   32|          0|
    |weights_load_14541_reg_8626                                                        |   32|   0|   32|          0|
    |weights_load_14542_reg_8636                                                        |   32|   0|   32|          0|
    |weights_load_14543_reg_8646                                                        |   32|   0|   32|          0|
    |weights_load_14544_reg_8656                                                        |   32|   0|   32|          0|
    |weights_load_14545_reg_8666                                                        |   32|   0|   32|          0|
    |weights_load_14546_reg_8676                                                        |   32|   0|   32|          0|
    |weights_load_14547_reg_8686                                                        |   32|   0|   32|          0|
    |weights_load_14548_reg_8696                                                        |   32|   0|   32|          0|
    |weights_load_14549_reg_8706                                                        |   32|   0|   32|          0|
    |weights_load_14550_reg_8716                                                        |   32|   0|   32|          0|
    |weights_load_14551_reg_8726                                                        |   32|   0|   32|          0|
    |weights_load_14552_reg_8736                                                        |   32|   0|   32|          0|
    |weights_load_14553_reg_8746                                                        |   32|   0|   32|          0|
    |weights_load_14554_reg_8756                                                        |   32|   0|   32|          0|
    |weights_load_14555_reg_8766                                                        |   32|   0|   32|          0|
    |weights_load_14556_reg_8776                                                        |   32|   0|   32|          0|
    |weights_load_14557_reg_8786                                                        |   32|   0|   32|          0|
    |weights_load_14558_reg_8796                                                        |   32|   0|   32|          0|
    |weights_load_14559_reg_8806                                                        |   32|   0|   32|          0|
    |weights_load_14560_reg_8816                                                        |   32|   0|   32|          0|
    |weights_load_14561_reg_8826                                                        |   32|   0|   32|          0|
    |weights_load_14562_reg_8836                                                        |   32|   0|   32|          0|
    |weights_load_14563_reg_8846                                                        |   32|   0|   32|          0|
    |weights_load_14564_reg_8856                                                        |   32|   0|   32|          0|
    |weights_load_14565_reg_8866                                                        |   32|   0|   32|          0|
    |weights_load_14566_reg_8876                                                        |   32|   0|   32|          0|
    |weights_load_14567_reg_8886                                                        |   32|   0|   32|          0|
    |weights_load_14568_reg_8896                                                        |   32|   0|   32|          0|
    |weights_load_14569_reg_8906                                                        |   32|   0|   32|          0|
    |weights_load_14570_reg_8916                                                        |   32|   0|   32|          0|
    |weights_load_14571_reg_8926                                                        |   32|   0|   32|          0|
    |weights_load_14572_reg_8936                                                        |   32|   0|   32|          0|
    |weights_load_14573_reg_8946                                                        |   32|   0|   32|          0|
    |weights_load_14574_reg_8956                                                        |   32|   0|   32|          0|
    |weights_load_14575_reg_8966                                                        |   32|   0|   32|          0|
    |weights_load_14576_reg_8976                                                        |   32|   0|   32|          0|
    |weights_load_14577_reg_8986                                                        |   32|   0|   32|          0|
    |weights_load_14578_reg_8996                                                        |   32|   0|   32|          0|
    |weights_load_14579_reg_9006                                                        |   32|   0|   32|          0|
    |weights_load_14580_reg_9016                                                        |   32|   0|   32|          0|
    |weights_load_14581_reg_9026                                                        |   32|   0|   32|          0|
    |weights_load_14582_reg_9036                                                        |   32|   0|   32|          0|
    |weights_load_14583_reg_9046                                                        |   32|   0|   32|          0|
    |weights_load_14584_reg_9056                                                        |   32|   0|   32|          0|
    |weights_load_14585_reg_9066                                                        |   32|   0|   32|          0|
    |weights_load_14586_reg_9076                                                        |   32|   0|   32|          0|
    |weights_load_14587_reg_9086                                                        |   32|   0|   32|          0|
    |weights_load_14588_reg_9096                                                        |   32|   0|   32|          0|
    |weights_load_14589_reg_9106                                                        |   32|   0|   32|          0|
    |weights_load_14590_reg_9116                                                        |   32|   0|   32|          0|
    |weights_load_14591_reg_9126                                                        |   32|   0|   32|          0|
    |weights_load_14592_reg_9136                                                        |   32|   0|   32|          0|
    |weights_load_14593_reg_9146                                                        |   32|   0|   32|          0|
    |weights_load_14594_reg_9156                                                        |   32|   0|   32|          0|
    |weights_load_14595_reg_9166                                                        |   32|   0|   32|          0|
    |weights_load_14596_reg_9176                                                        |   32|   0|   32|          0|
    |weights_load_14597_reg_9186                                                        |   32|   0|   32|          0|
    |weights_load_14598_reg_9196                                                        |   32|   0|   32|          0|
    |weights_load_14599_reg_9206                                                        |   32|   0|   32|          0|
    |weights_load_14600_reg_9216                                                        |   32|   0|   32|          0|
    |weights_load_14601_reg_9226                                                        |   32|   0|   32|          0|
    |weights_load_14602_reg_9236                                                        |   32|   0|   32|          0|
    |weights_load_14603_reg_9246                                                        |   32|   0|   32|          0|
    |weights_load_14604_reg_9256                                                        |   32|   0|   32|          0|
    |weights_load_14605_reg_9266                                                        |   32|   0|   32|          0|
    |weights_load_14606_reg_9276                                                        |   32|   0|   32|          0|
    |weights_load_14607_reg_9286                                                        |   32|   0|   32|          0|
    |weights_load_14608_reg_9296                                                        |   32|   0|   32|          0|
    |weights_load_14609_reg_9306                                                        |   32|   0|   32|          0|
    |weights_load_14610_reg_9316                                                        |   32|   0|   32|          0|
    |weights_load_14611_reg_9326                                                        |   32|   0|   32|          0|
    |weights_load_14612_reg_9336                                                        |   32|   0|   32|          0|
    |weights_load_14613_reg_9346                                                        |   32|   0|   32|          0|
    |weights_load_14614_reg_9356                                                        |   32|   0|   32|          0|
    |weights_load_14615_reg_9366                                                        |   32|   0|   32|          0|
    |weights_load_14616_reg_9376                                                        |   32|   0|   32|          0|
    |weights_load_14617_reg_9386                                                        |   32|   0|   32|          0|
    |weights_load_14618_reg_9396                                                        |   32|   0|   32|          0|
    |weights_load_14619_reg_9406                                                        |   32|   0|   32|          0|
    |weights_load_14620_reg_9416                                                        |   32|   0|   32|          0|
    |weights_load_14621_reg_9426                                                        |   32|   0|   32|          0|
    |weights_load_14622_reg_9436                                                        |   32|   0|   32|          0|
    |weights_load_14623_reg_9446                                                        |   32|   0|   32|          0|
    |weights_load_14624_reg_9456                                                        |   32|   0|   32|          0|
    |weights_load_14625_reg_9466                                                        |   32|   0|   32|          0|
    |weights_load_14626_reg_9476                                                        |   32|   0|   32|          0|
    |weights_load_14627_reg_9486                                                        |   32|   0|   32|          0|
    |weights_load_14628_reg_9496                                                        |   32|   0|   32|          0|
    |weights_load_14629_reg_9506                                                        |   32|   0|   32|          0|
    |weights_load_14630_reg_9516                                                        |   32|   0|   32|          0|
    |weights_load_14631_reg_9526                                                        |   32|   0|   32|          0|
    |weights_load_14632_reg_9536                                                        |   32|   0|   32|          0|
    |weights_load_14633_reg_9546                                                        |   32|   0|   32|          0|
    |weights_load_14634_reg_9556                                                        |   32|   0|   32|          0|
    |weights_load_14635_reg_9566                                                        |   32|   0|   32|          0|
    |weights_load_14636_reg_9576                                                        |   32|   0|   32|          0|
    |weights_load_14637_reg_9586                                                        |   32|   0|   32|          0|
    |weights_load_14638_reg_9596                                                        |   32|   0|   32|          0|
    |weights_load_14639_reg_9606                                                        |   32|   0|   32|          0|
    |weights_load_14640_reg_9616                                                        |   32|   0|   32|          0|
    |weights_load_14641_reg_9626                                                        |   32|   0|   32|          0|
    |weights_load_14642_reg_9636                                                        |   32|   0|   32|          0|
    |weights_load_14643_reg_9646                                                        |   32|   0|   32|          0|
    |weights_load_14644_reg_9656                                                        |   32|   0|   32|          0|
    |weights_load_14645_reg_9666                                                        |   32|   0|   32|          0|
    |weights_load_14646_reg_9676                                                        |   32|   0|   32|          0|
    |weights_load_14647_reg_9686                                                        |   32|   0|   32|          0|
    |weights_load_14648_reg_9696                                                        |   32|   0|   32|          0|
    |weights_load_14649_reg_9706                                                        |   32|   0|   32|          0|
    |weights_load_14650_reg_9716                                                        |   32|   0|   32|          0|
    |weights_load_14651_reg_9726                                                        |   32|   0|   32|          0|
    |weights_load_14652_reg_9736                                                        |   32|   0|   32|          0|
    |weights_load_14653_reg_9746                                                        |   32|   0|   32|          0|
    |weights_load_14654_reg_9756                                                        |   32|   0|   32|          0|
    |weights_load_14655_reg_9766                                                        |   32|   0|   32|          0|
    |weights_load_14656_reg_9776                                                        |   32|   0|   32|          0|
    |weights_load_14657_reg_9786                                                        |   32|   0|   32|          0|
    |weights_load_14658_reg_9796                                                        |   32|   0|   32|          0|
    |weights_load_14659_reg_9806                                                        |   32|   0|   32|          0|
    |weights_load_14660_reg_9816                                                        |   32|   0|   32|          0|
    |weights_load_14661_reg_9826                                                        |   32|   0|   32|          0|
    |weights_load_14662_reg_9836                                                        |   32|   0|   32|          0|
    |weights_load_14663_reg_9846                                                        |   32|   0|   32|          0|
    |weights_load_14664_reg_9856                                                        |   32|   0|   32|          0|
    |weights_load_14665_reg_9866                                                        |   32|   0|   32|          0|
    |weights_load_14666_reg_9876                                                        |   32|   0|   32|          0|
    |weights_load_14667_reg_9886                                                        |   32|   0|   32|          0|
    |weights_load_14668_reg_9896                                                        |   32|   0|   32|          0|
    |weights_load_14669_reg_9906                                                        |   32|   0|   32|          0|
    |weights_load_14670_reg_9916                                                        |   32|   0|   32|          0|
    |weights_load_14671_reg_9926                                                        |   32|   0|   32|          0|
    |weights_load_14672_reg_9936                                                        |   32|   0|   32|          0|
    |weights_load_14673_reg_9946                                                        |   32|   0|   32|          0|
    |weights_load_14674_reg_9956                                                        |   32|   0|   32|          0|
    |weights_load_14675_reg_9966                                                        |   32|   0|   32|          0|
    |weights_load_14676_reg_9976                                                        |   32|   0|   32|          0|
    |weights_load_14677_reg_9986                                                        |   32|   0|   32|          0|
    |weights_load_14678_reg_9996                                                        |   32|   0|   32|          0|
    |weights_load_14679_reg_10006                                                       |   32|   0|   32|          0|
    |weights_load_14680_reg_10016                                                       |   32|   0|   32|          0|
    |weights_load_14681_reg_10026                                                       |   32|   0|   32|          0|
    |weights_load_14682_reg_10036                                                       |   32|   0|   32|          0|
    |weights_load_14683_reg_10046                                                       |   32|   0|   32|          0|
    |weights_load_14684_reg_10056                                                       |   32|   0|   32|          0|
    |weights_load_14685_reg_10066                                                       |   32|   0|   32|          0|
    |weights_load_14686_reg_10076                                                       |   32|   0|   32|          0|
    |weights_load_14687_reg_10086                                                       |   32|   0|   32|          0|
    |weights_load_14688_reg_10096                                                       |   32|   0|   32|          0|
    |weights_load_14689_reg_10106                                                       |   32|   0|   32|          0|
    |weights_load_14690_reg_10116                                                       |   32|   0|   32|          0|
    |weights_load_14691_reg_10126                                                       |   32|   0|   32|          0|
    |weights_load_14692_reg_10136                                                       |   32|   0|   32|          0|
    |weights_load_14693_reg_10146                                                       |   32|   0|   32|          0|
    |weights_load_14694_reg_10156                                                       |   32|   0|   32|          0|
    |weights_load_14695_reg_10166                                                       |   32|   0|   32|          0|
    |weights_load_14696_reg_10176                                                       |   32|   0|   32|          0|
    |weights_load_14697_reg_10186                                                       |   32|   0|   32|          0|
    |weights_load_14698_reg_10196                                                       |   32|   0|   32|          0|
    |weights_load_14699_reg_10206                                                       |   32|   0|   32|          0|
    |weights_load_14700_reg_10216                                                       |   32|   0|   32|          0|
    |weights_load_14701_reg_10226                                                       |   32|   0|   32|          0|
    |weights_load_14702_reg_10236                                                       |   32|   0|   32|          0|
    |weights_load_14703_reg_10246                                                       |   32|   0|   32|          0|
    |weights_load_14704_reg_10256                                                       |   32|   0|   32|          0|
    |weights_load_14705_reg_10266                                                       |   32|   0|   32|          0|
    |weights_load_14706_reg_10276                                                       |   32|   0|   32|          0|
    |weights_load_14707_reg_10286                                                       |   32|   0|   32|          0|
    |weights_load_14708_reg_10296                                                       |   32|   0|   32|          0|
    |weights_load_14709_reg_10306                                                       |   32|   0|   32|          0|
    |weights_load_14710_reg_10316                                                       |   32|   0|   32|          0|
    |weights_load_14711_reg_10326                                                       |   32|   0|   32|          0|
    |weights_load_14712_reg_10336                                                       |   32|   0|   32|          0|
    |weights_load_14713_reg_10346                                                       |   32|   0|   32|          0|
    |weights_load_14714_reg_10356                                                       |   32|   0|   32|          0|
    |weights_load_14715_reg_10366                                                       |   32|   0|   32|          0|
    |weights_load_14716_reg_10376                                                       |   32|   0|   32|          0|
    |weights_load_14717_reg_10386                                                       |   32|   0|   32|          0|
    |weights_load_14718_reg_10396                                                       |   32|   0|   32|          0|
    |weights_load_14719_reg_10406                                                       |   32|   0|   32|          0|
    |weights_load_14720_reg_10416                                                       |   32|   0|   32|          0|
    |weights_load_14721_reg_10426                                                       |   32|   0|   32|          0|
    |weights_load_14722_reg_10436                                                       |   32|   0|   32|          0|
    |weights_load_14723_reg_10446                                                       |   32|   0|   32|          0|
    |weights_load_14724_reg_10456                                                       |   32|   0|   32|          0|
    |weights_load_14725_reg_10466                                                       |   32|   0|   32|          0|
    |weights_load_14726_reg_10476                                                       |   32|   0|   32|          0|
    |weights_load_14727_reg_10486                                                       |   32|   0|   32|          0|
    |weights_load_14728_reg_10496                                                       |   32|   0|   32|          0|
    |weights_load_14729_reg_10506                                                       |   32|   0|   32|          0|
    |weights_load_14730_reg_10516                                                       |   32|   0|   32|          0|
    |weights_load_14731_reg_10526                                                       |   32|   0|   32|          0|
    |weights_load_14732_reg_10536                                                       |   32|   0|   32|          0|
    |weights_load_14733_reg_10546                                                       |   32|   0|   32|          0|
    |weights_load_14734_reg_10556                                                       |   32|   0|   32|          0|
    |weights_load_14735_reg_10566                                                       |   32|   0|   32|          0|
    |weights_load_14736_reg_10576                                                       |   32|   0|   32|          0|
    |weights_load_14737_reg_10586                                                       |   32|   0|   32|          0|
    |weights_load_14738_reg_10596                                                       |   32|   0|   32|          0|
    |weights_load_14739_reg_10606                                                       |   32|   0|   32|          0|
    |weights_load_14740_reg_10616                                                       |   32|   0|   32|          0|
    |weights_load_14741_reg_10626                                                       |   32|   0|   32|          0|
    |weights_load_14742_reg_10636                                                       |   32|   0|   32|          0|
    |weights_load_14743_reg_10646                                                       |   32|   0|   32|          0|
    |weights_load_14744_reg_10656                                                       |   32|   0|   32|          0|
    |weights_load_14745_reg_10666                                                       |   32|   0|   32|          0|
    |weights_load_14746_reg_10676                                                       |   32|   0|   32|          0|
    |weights_load_14747_reg_10686                                                       |   32|   0|   32|          0|
    |weights_load_14748_reg_10696                                                       |   32|   0|   32|          0|
    |weights_load_14749_reg_10706                                                       |   32|   0|   32|          0|
    |weights_load_14750_reg_10716                                                       |   32|   0|   32|          0|
    |weights_load_14751_reg_10726                                                       |   32|   0|   32|          0|
    |weights_load_14752_reg_10736                                                       |   32|   0|   32|          0|
    |weights_load_14753_reg_10746                                                       |   32|   0|   32|          0|
    |weights_load_14754_reg_10756                                                       |   32|   0|   32|          0|
    |weights_load_14755_reg_10766                                                       |   32|   0|   32|          0|
    |weights_load_14756_reg_10776                                                       |   32|   0|   32|          0|
    |weights_load_14757_reg_10786                                                       |   32|   0|   32|          0|
    |weights_load_14758_reg_10796                                                       |   32|   0|   32|          0|
    |weights_load_14759_reg_10806                                                       |   32|   0|   32|          0|
    |weights_load_14760_reg_10816                                                       |   32|   0|   32|          0|
    |weights_load_14761_reg_10826                                                       |   32|   0|   32|          0|
    |weights_load_14762_reg_10836                                                       |   32|   0|   32|          0|
    |weights_load_14763_reg_10846                                                       |   32|   0|   32|          0|
    |weights_load_14764_reg_10856                                                       |   32|   0|   32|          0|
    |weights_load_14765_reg_10866                                                       |   32|   0|   32|          0|
    |weights_load_14766_reg_10876                                                       |   32|   0|   32|          0|
    |weights_load_14767_reg_10886                                                       |   32|   0|   32|          0|
    |weights_load_14768_reg_10896                                                       |   32|   0|   32|          0|
    |weights_load_14769_reg_10906                                                       |   32|   0|   32|          0|
    |weights_load_14770_reg_10916                                                       |   32|   0|   32|          0|
    |weights_load_14771_reg_10926                                                       |   32|   0|   32|          0|
    |weights_load_14772_reg_10936                                                       |   32|   0|   32|          0|
    |weights_load_14773_reg_10946                                                       |   32|   0|   32|          0|
    |weights_load_14774_reg_10956                                                       |   32|   0|   32|          0|
    |weights_load_14775_reg_10966                                                       |   32|   0|   32|          0|
    |weights_load_14776_reg_10976                                                       |   32|   0|   32|          0|
    |weights_load_14777_reg_10986                                                       |   32|   0|   32|          0|
    |weights_load_14778_reg_10996                                                       |   32|   0|   32|          0|
    |weights_load_14779_reg_11006                                                       |   32|   0|   32|          0|
    |weights_load_14780_reg_11016                                                       |   32|   0|   32|          0|
    |weights_load_14781_reg_11026                                                       |   32|   0|   32|          0|
    |weights_load_14782_reg_11036                                                       |   32|   0|   32|          0|
    |weights_load_14783_reg_11046                                                       |   32|   0|   32|          0|
    |weights_load_14784_reg_11056                                                       |   32|   0|   32|          0|
    |weights_load_14785_reg_11066                                                       |   32|   0|   32|          0|
    |weights_load_14786_reg_11076                                                       |   32|   0|   32|          0|
    |weights_load_14787_reg_11086                                                       |   32|   0|   32|          0|
    |weights_load_14788_reg_11096                                                       |   32|   0|   32|          0|
    |weights_load_14789_reg_11106                                                       |   32|   0|   32|          0|
    |weights_load_14790_reg_11116                                                       |   32|   0|   32|          0|
    |weights_load_14791_reg_11126                                                       |   32|   0|   32|          0|
    |weights_load_14792_reg_11136                                                       |   32|   0|   32|          0|
    |weights_load_14793_reg_11146                                                       |   32|   0|   32|          0|
    |weights_load_14794_reg_11156                                                       |   32|   0|   32|          0|
    |weights_load_14795_reg_11166                                                       |   32|   0|   32|          0|
    |weights_load_14796_reg_11176                                                       |   32|   0|   32|          0|
    |weights_load_14797_reg_11186                                                       |   32|   0|   32|          0|
    |weights_load_14798_reg_11196                                                       |   32|   0|   32|          0|
    |weights_load_14799_reg_11206                                                       |   32|   0|   32|          0|
    |weights_load_14800_reg_11216                                                       |   32|   0|   32|          0|
    |weights_load_14801_reg_11226                                                       |   32|   0|   32|          0|
    |weights_load_14802_reg_11236                                                       |   32|   0|   32|          0|
    |weights_load_14803_reg_11246                                                       |   32|   0|   32|          0|
    |weights_load_14804_reg_11256                                                       |   32|   0|   32|          0|
    |weights_load_14805_reg_11266                                                       |   32|   0|   32|          0|
    |weights_load_14806_reg_11276                                                       |   32|   0|   32|          0|
    |weights_load_14807_reg_11286                                                       |   32|   0|   32|          0|
    |weights_load_14808_reg_11296                                                       |   32|   0|   32|          0|
    |weights_load_14809_reg_11306                                                       |   32|   0|   32|          0|
    |weights_load_14810_reg_11316                                                       |   32|   0|   32|          0|
    |weights_load_14811_reg_11326                                                       |   32|   0|   32|          0|
    |weights_load_14812_reg_11336                                                       |   32|   0|   32|          0|
    |weights_load_14813_reg_11346                                                       |   32|   0|   32|          0|
    |weights_load_14814_reg_11356                                                       |   32|   0|   32|          0|
    |weights_load_14815_reg_11366                                                       |   32|   0|   32|          0|
    |weights_load_14816_reg_11376                                                       |   32|   0|   32|          0|
    |weights_load_14817_reg_11386                                                       |   32|   0|   32|          0|
    |weights_load_14818_reg_11396                                                       |   32|   0|   32|          0|
    |weights_load_14819_reg_11406                                                       |   32|   0|   32|          0|
    |weights_load_14820_reg_11416                                                       |   32|   0|   32|          0|
    |weights_load_14821_reg_11426                                                       |   32|   0|   32|          0|
    |weights_load_14822_reg_11436                                                       |   32|   0|   32|          0|
    |weights_load_14823_reg_11446                                                       |   32|   0|   32|          0|
    |weights_load_14824_reg_11456                                                       |   32|   0|   32|          0|
    |weights_load_14825_reg_11466                                                       |   32|   0|   32|          0|
    |weights_load_14826_reg_11476                                                       |   32|   0|   32|          0|
    |weights_load_14827_reg_11486                                                       |   32|   0|   32|          0|
    |weights_load_14828_reg_11496                                                       |   32|   0|   32|          0|
    |weights_load_14829_reg_11506                                                       |   32|   0|   32|          0|
    |weights_load_14830_reg_11516                                                       |   32|   0|   32|          0|
    |weights_load_14831_reg_11526                                                       |   32|   0|   32|          0|
    |weights_load_14832_reg_11536                                                       |   32|   0|   32|          0|
    |weights_load_14833_reg_11546                                                       |   32|   0|   32|          0|
    |weights_load_14834_reg_11556                                                       |   32|   0|   32|          0|
    |weights_load_14835_reg_11566                                                       |   32|   0|   32|          0|
    |weights_load_14836_reg_11576                                                       |   32|   0|   32|          0|
    |weights_load_14837_reg_11586                                                       |   32|   0|   32|          0|
    |weights_load_14838_reg_11596                                                       |   32|   0|   32|          0|
    |weights_load_14839_reg_11606                                                       |   32|   0|   32|          0|
    |weights_load_14840_reg_11616                                                       |   32|   0|   32|          0|
    |weights_load_14841_reg_11626                                                       |   32|   0|   32|          0|
    |weights_load_14842_reg_11636                                                       |   32|   0|   32|          0|
    |weights_load_14843_reg_11646                                                       |   32|   0|   32|          0|
    |weights_load_14844_reg_11656                                                       |   32|   0|   32|          0|
    |weights_load_14845_reg_11666                                                       |   32|   0|   32|          0|
    |weights_load_14846_reg_11676                                                       |   32|   0|   32|          0|
    |weights_load_14847_reg_11686                                                       |   32|   0|   32|          0|
    |weights_load_14848_reg_11696                                                       |   32|   0|   32|          0|
    |weights_load_14849_reg_11706                                                       |   32|   0|   32|          0|
    |weights_load_14850_reg_11716                                                       |   32|   0|   32|          0|
    |weights_load_14851_reg_11726                                                       |   32|   0|   32|          0|
    |weights_load_14852_reg_11736                                                       |   32|   0|   32|          0|
    |weights_load_14853_reg_11746                                                       |   32|   0|   32|          0|
    |weights_load_14854_reg_11756                                                       |   32|   0|   32|          0|
    |weights_load_14855_reg_11766                                                       |   32|   0|   32|          0|
    |weights_load_14856_reg_11776                                                       |   32|   0|   32|          0|
    |weights_load_14857_reg_11786                                                       |   32|   0|   32|          0|
    |weights_load_14858_reg_11796                                                       |   32|   0|   32|          0|
    |weights_load_14859_reg_11806                                                       |   32|   0|   32|          0|
    |weights_load_14860_reg_11816                                                       |   32|   0|   32|          0|
    |weights_load_14861_reg_11826                                                       |   32|   0|   32|          0|
    |weights_load_14862_reg_11836                                                       |   32|   0|   32|          0|
    |weights_load_14863_reg_11846                                                       |   32|   0|   32|          0|
    |weights_load_14864_reg_11856                                                       |   32|   0|   32|          0|
    |weights_load_14865_reg_11866                                                       |   32|   0|   32|          0|
    |weights_load_14866_reg_11876                                                       |   32|   0|   32|          0|
    |weights_load_14867_reg_11886                                                       |   32|   0|   32|          0|
    |weights_load_14868_reg_11896                                                       |   32|   0|   32|          0|
    |weights_load_14869_reg_11906                                                       |   32|   0|   32|          0|
    |weights_load_14870_reg_11916                                                       |   32|   0|   32|          0|
    |weights_load_14871_reg_11926                                                       |   32|   0|   32|          0|
    |weights_load_14872_reg_11936                                                       |   32|   0|   32|          0|
    |weights_load_14873_reg_11946                                                       |   32|   0|   32|          0|
    |weights_load_14874_reg_11956                                                       |   32|   0|   32|          0|
    |weights_load_14875_reg_11966                                                       |   32|   0|   32|          0|
    |weights_load_14876_reg_11976                                                       |   32|   0|   32|          0|
    |weights_load_14877_reg_11986                                                       |   32|   0|   32|          0|
    |weights_load_14878_reg_11996                                                       |   32|   0|   32|          0|
    |weights_load_14879_reg_12006                                                       |   32|   0|   32|          0|
    |weights_load_14880_reg_12016                                                       |   32|   0|   32|          0|
    |weights_load_14881_reg_12026                                                       |   32|   0|   32|          0|
    |weights_load_14882_reg_12036                                                       |   32|   0|   32|          0|
    |weights_load_14883_reg_12046                                                       |   32|   0|   32|          0|
    |weights_load_14884_reg_12056                                                       |   32|   0|   32|          0|
    |weights_load_14885_reg_12066                                                       |   32|   0|   32|          0|
    |weights_load_14886_reg_12076                                                       |   32|   0|   32|          0|
    |weights_load_14887_reg_12086                                                       |   32|   0|   32|          0|
    |weights_load_14888_reg_12096                                                       |   32|   0|   32|          0|
    |weights_load_14889_reg_12106                                                       |   32|   0|   32|          0|
    |weights_load_14890_reg_12116                                                       |   32|   0|   32|          0|
    |weights_load_14891_reg_12126                                                       |   32|   0|   32|          0|
    |weights_load_14892_reg_12136                                                       |   32|   0|   32|          0|
    |weights_load_14893_reg_12146                                                       |   32|   0|   32|          0|
    |weights_load_14894_reg_12156                                                       |   32|   0|   32|          0|
    |weights_load_14895_reg_12166                                                       |   32|   0|   32|          0|
    |weights_load_14896_reg_12176                                                       |   32|   0|   32|          0|
    |weights_load_14897_reg_12186                                                       |   32|   0|   32|          0|
    |weights_load_14898_reg_12196                                                       |   32|   0|   32|          0|
    |weights_load_14899_reg_12206                                                       |   32|   0|   32|          0|
    |weights_load_14900_reg_12216                                                       |   32|   0|   32|          0|
    |weights_load_14901_reg_12226                                                       |   32|   0|   32|          0|
    |weights_load_14902_reg_12236                                                       |   32|   0|   32|          0|
    |weights_load_14903_reg_12246                                                       |   32|   0|   32|          0|
    |weights_load_14904_reg_12256                                                       |   32|   0|   32|          0|
    |weights_load_14905_reg_12266                                                       |   32|   0|   32|          0|
    |weights_load_14906_reg_12276                                                       |   32|   0|   32|          0|
    |weights_load_14907_reg_12286                                                       |   32|   0|   32|          0|
    |weights_load_14908_reg_12296                                                       |   32|   0|   32|          0|
    |weights_load_14909_reg_12306                                                       |   32|   0|   32|          0|
    |weights_load_14910_reg_12316                                                       |   32|   0|   32|          0|
    |weights_load_14911_reg_12326                                                       |   32|   0|   32|          0|
    |weights_load_14912_reg_12336                                                       |   32|   0|   32|          0|
    |weights_load_14913_reg_12346                                                       |   32|   0|   32|          0|
    |weights_load_14914_reg_12356                                                       |   32|   0|   32|          0|
    |weights_load_14915_reg_12366                                                       |   32|   0|   32|          0|
    |weights_load_14916_reg_12376                                                       |   32|   0|   32|          0|
    |weights_load_14917_reg_12386                                                       |   32|   0|   32|          0|
    |weights_load_14918_reg_12396                                                       |   32|   0|   32|          0|
    |weights_load_14919_reg_12406                                                       |   32|   0|   32|          0|
    |weights_load_14920_reg_12416                                                       |   32|   0|   32|          0|
    |weights_load_14921_reg_12426                                                       |   32|   0|   32|          0|
    |weights_load_14922_reg_12436                                                       |   32|   0|   32|          0|
    |weights_load_14923_reg_12446                                                       |   32|   0|   32|          0|
    |weights_load_14924_reg_12456                                                       |   32|   0|   32|          0|
    |weights_load_14925_reg_12466                                                       |   32|   0|   32|          0|
    |weights_load_14926_reg_12476                                                       |   32|   0|   32|          0|
    |weights_load_14927_reg_12486                                                       |   32|   0|   32|          0|
    |weights_load_14928_reg_12496                                                       |   32|   0|   32|          0|
    |weights_load_14929_reg_12506                                                       |   32|   0|   32|          0|
    |weights_load_14930_reg_12516                                                       |   32|   0|   32|          0|
    |weights_load_14931_reg_12526                                                       |   32|   0|   32|          0|
    |weights_load_14932_reg_12536                                                       |   32|   0|   32|          0|
    |weights_load_14933_reg_12546                                                       |   32|   0|   32|          0|
    |weights_load_14934_reg_12556                                                       |   32|   0|   32|          0|
    |weights_load_14935_reg_12566                                                       |   32|   0|   32|          0|
    |weights_load_14936_reg_12576                                                       |   32|   0|   32|          0|
    |weights_load_14937_reg_12586                                                       |   32|   0|   32|          0|
    |weights_load_14938_reg_12596                                                       |   32|   0|   32|          0|
    |weights_load_14939_reg_12606                                                       |   32|   0|   32|          0|
    |weights_load_14940_reg_12616                                                       |   32|   0|   32|          0|
    |weights_load_14941_reg_12626                                                       |   32|   0|   32|          0|
    |weights_load_14942_reg_12636                                                       |   32|   0|   32|          0|
    |weights_load_14943_reg_12646                                                       |   32|   0|   32|          0|
    |weights_load_14944_reg_12656                                                       |   32|   0|   32|          0|
    |weights_load_14945_reg_12666                                                       |   32|   0|   32|          0|
    |weights_load_14946_reg_12676                                                       |   32|   0|   32|          0|
    |weights_load_14947_reg_12686                                                       |   32|   0|   32|          0|
    |weights_load_14948_reg_12696                                                       |   32|   0|   32|          0|
    |weights_load_14949_reg_12706                                                       |   32|   0|   32|          0|
    |weights_load_14950_reg_12711                                                       |   32|   0|   32|          0|
    |weights_load_reg_6966                                                              |   32|   0|   32|          0|
    +-----------------------------------------------------------------------------------+-----+----+-----+-----------+
    |Total                                                                              |19012|   0|19012|          0|
    +-----------------------------------------------------------------------------------+-----+----+-----+-----------+



================================================================
== Interface
================================================================
* Summary: 
+--------------------------------------------------+-----+-----+------------+------------------------------------------------+--------------+
|                     RTL Ports                    | Dir | Bits|  Protocol  |                  Source Object                 |    C Type    |
+--------------------------------------------------+-----+-----+------------+------------------------------------------------+--------------+
|ap_clk                                            |   in|    1|  ap_ctrl_hs|  conv2d_sum_mc<float, 14u, 14u, 3u, 3u, 64u>.14|  return value|
|ap_rst                                            |   in|    1|  ap_ctrl_hs|  conv2d_sum_mc<float, 14u, 14u, 3u, 3u, 64u>.14|  return value|
|ap_start                                          |   in|    1|  ap_ctrl_hs|  conv2d_sum_mc<float, 14u, 14u, 3u, 3u, 64u>.14|  return value|
|ap_done                                           |  out|    1|  ap_ctrl_hs|  conv2d_sum_mc<float, 14u, 14u, 3u, 3u, 64u>.14|  return value|
|ap_continue                                       |   in|    1|  ap_ctrl_hs|  conv2d_sum_mc<float, 14u, 14u, 3u, 3u, 64u>.14|  return value|
|ap_idle                                           |  out|    1|  ap_ctrl_hs|  conv2d_sum_mc<float, 14u, 14u, 3u, 3u, 64u>.14|  return value|
|ap_ready                                          |  out|    1|  ap_ctrl_hs|  conv2d_sum_mc<float, 14u, 14u, 3u, 3u, 64u>.14|  return value|
|conv2d_64_padded_window_stream_14_dout            |   in|  288|     ap_fifo|               conv2d_64_padded_window_stream_14|       pointer|
|conv2d_64_padded_window_stream_14_num_data_valid  |   in|    3|     ap_fifo|               conv2d_64_padded_window_stream_14|       pointer|
|conv2d_64_padded_window_stream_14_fifo_cap        |   in|    3|     ap_fifo|               conv2d_64_padded_window_stream_14|       pointer|
|conv2d_64_padded_window_stream_14_empty_n         |   in|    1|     ap_fifo|               conv2d_64_padded_window_stream_14|       pointer|
|conv2d_64_padded_window_stream_14_read            |  out|    1|     ap_fifo|               conv2d_64_padded_window_stream_14|       pointer|
|weights_address0                                  |  out|   10|   ap_memory|                                         weights|         array|
|weights_ce0                                       |  out|    1|   ap_memory|                                         weights|         array|
|weights_q0                                        |   in|   32|   ap_memory|                                         weights|         array|
|in_channel_map_stream_14_din                      |  out|   32|     ap_fifo|                        in_channel_map_stream_14|       pointer|
|in_channel_map_stream_14_num_data_valid           |   in|    3|     ap_fifo|                        in_channel_map_stream_14|       pointer|
|in_channel_map_stream_14_fifo_cap                 |   in|    3|     ap_fifo|                        in_channel_map_stream_14|       pointer|
|in_channel_map_stream_14_full_n                   |   in|    1|     ap_fifo|                        in_channel_map_stream_14|       pointer|
|in_channel_map_stream_14_write                    |  out|    1|     ap_fifo|                        in_channel_map_stream_14|       pointer|
+--------------------------------------------------+-----+-----+------------+------------------------------------------------+--------------+

