

================================================================
== Vitis HLS Report for 'create_window_stream_conv2d_1c_float_28u_28u_3u_3u_s'
================================================================
* Date:           Tue Oct 18 21:15:46 2022

* Version:        2022.1 (Build 3526262 on Mon Apr 18 15:47:01 MDT 2022)
* Project:        forward_prop
* Solution:       solution1 (Vitis Kernel Flow Target)
* Product family: virtexuplus
* Target device:  xcvu5p-flva2104-1-e


================================================================
== Performance Estimates
================================================================
+ Timing: 
    * Summary: 
    +--------+----------+----------+------------+
    |  Clock |  Target  | Estimated| Uncertainty|
    +--------+----------+----------+------------+
    |ap_clk  |  10.00 ns|  2.102 ns|     2.70 ns|
    +--------+----------+----------+------------+

+ Latency: 
    * Summary: 
    +---------+---------+----------+----------+-----+-----+---------+
    |  Latency (cycles) |  Latency (absolute) |  Interval | Pipeline|
    |   min   |   max   |    min   |    max   | min | max |   Type  |
    +---------+---------+----------+----------+-----+-----+---------+
    |      815|      815|  8.150 us|  8.150 us|  815|  815|       no|
    +---------+---------+----------+----------+-----+-----+---------+

    + Detail: 
        * Instance: 
        N/A

        * Loop: 
        +----------+---------+---------+----------+-----------+-----------+------+----------+
        |          |  Latency (cycles) | Iteration|  Initiation Interval  | Trip |          |
        | Loop Name|   min   |   max   |  Latency |  achieved |   target  | Count| Pipelined|
        +----------+---------+---------+----------+-----------+-----------+------+----------+
        |- pixel   |      813|      813|         2|          1|          1|   813|       yes|
        +----------+---------+---------+----------+-----------+-----------+------+----------+



================================================================
== Utilization Estimates
================================================================
* Summary: 
+---------------------+---------+------+---------+--------+-----+
|         Name        | BRAM_18K|  DSP |    FF   |   LUT  | URAM|
+---------------------+---------+------+---------+--------+-----+
|DSP                  |        -|     -|        -|       -|    -|
|Expression           |        -|     -|        0|     153|    -|
|FIFO                 |        -|     -|        -|       -|    -|
|Instance             |        -|     -|        0|     393|    -|
|Memory               |        -|     -|        -|       -|    -|
|Multiplexer          |        -|     -|        -|     118|    -|
|Register             |        -|     -|     3119|       -|    -|
+---------------------+---------+------+---------+--------+-----+
|Total                |        0|     0|     3119|     664|    0|
+---------------------+---------+------+---------+--------+-----+
|Available SLR        |     1024|  1737|   600577|  300288|  235|
+---------------------+---------+------+---------+--------+-----+
|Utilization SLR (%)  |        0|     0|       ~0|      ~0|    0|
+---------------------+---------+------+---------+--------+-----+
|Available            |     2048|  3474|  1201154|  600577|  470|
+---------------------+---------+------+---------+--------+-----+
|Utilization (%)      |        0|     0|       ~0|      ~0|    0|
+---------------------+---------+------+---------+--------+-----+

+ Detail: 
    * Instance: 
    +----------------------+-----------------+---------+----+---+-----+-----+
    |       Instance       |      Module     | BRAM_18K| DSP| FF| LUT | URAM|
    +----------------------+-----------------+---------+----+---+-----+-----+
    |mux_2832_32_1_1_U135  |mux_2832_32_1_1  |        0|   0|  0|  131|    0|
    |mux_2832_32_1_1_U136  |mux_2832_32_1_1  |        0|   0|  0|  131|    0|
    |mux_2832_32_1_1_U137  |mux_2832_32_1_1  |        0|   0|  0|  131|    0|
    +----------------------+-----------------+---------+----+---+-----+-----+
    |Total                 |                 |        0|   0|  0|  393|    0|
    +----------------------+-----------------+---------+----+---+-----+-----+

    * DSP: 
    N/A

    * Memory: 
    N/A

    * FIFO: 
    N/A

    * Expression: 
    +----------------------------------+----------+----+---+----+------------+------------+
    |           Variable Name          | Operation| DSP| FF| LUT| Bitwidth P0| Bitwidth P1|
    +----------------------------------+----------+----+---+----+------------+------------+
    |col_ptr_17_fu_1441_p2             |         +|   0|  0|  39|          32|           1|
    |pixel_counter_4_fu_540_p2         |         +|   0|  0|  17|          10|           1|
    |ap_block_state2_pp0_stage0_iter1  |       and|   0|  0|   2|           1|           1|
    |ap_condition_133                  |       and|   0|  0|   2|           1|           1|
    |ap_predicate_op114_read_state1    |       and|   0|  0|   2|           1|           1|
    |icmp_ln67_fu_534_p2               |      icmp|   0|  0|  11|          10|           9|
    |icmp_ln71_fu_546_p2               |      icmp|   0|  0|  11|          10|           9|
    |icmp_ln94_fu_1426_p2              |      icmp|   0|  0|  11|          10|           5|
    |icmp_ln97_fu_1435_p2              |      icmp|   0|  0|  20|          32|           5|
    |ap_block_pp0_stage0_01001         |        or|   0|  0|   2|           1|           1|
    |ap_block_state1_pp0_stage0_iter0  |        or|   0|  0|   2|           1|           1|
    |col_ptr_18_fu_1447_p3             |    select|   0|  0|  32|           1|           1|
    |ap_enable_pp0                     |       xor|   0|  0|   2|           1|           2|
    +----------------------------------+----------+----+---+----+------------+------------+
    |Total                             |          |   0|  0| 153|         111|          38|
    +----------------------------------+----------+----+---+----+------------+------------+

    * Multiplexer: 
    +--------------------------------------+----+-----------+-----+-----------+
    |                 Name                 | LUT| Input Size| Bits| Total Bits|
    +--------------------------------------+----+-----------+-----+-----------+
    |ap_done_int                           |   9|          2|    1|          2|
    |ap_enable_reg_pp0_iter1               |   9|          2|    1|          2|
    |ap_phi_mux_new_pixel_2_phi_fu_504_p4  |  14|          3|   32|         96|
    |ap_sig_allocacmp_col_ptr_load         |   9|          2|   32|         64|
    |ap_sig_allocacmp_col_ptr_load_1       |   9|          2|   32|         64|
    |ap_sig_allocacmp_pixel_counter_3      |   9|          2|   10|         20|
    |col_ptr_fu_118                        |   9|          2|   32|         64|
    |conv2d_32_window_stream_blk_n         |   9|          2|    1|          2|
    |input_stream_TDATA_blk_n              |   9|          2|    1|          2|
    |new_pixel_2_reg_501                   |  14|          3|   32|         96|
    |pixel_counter_fu_114                  |   9|          2|   10|         20|
    |real_start                            |   9|          2|    1|          2|
    +--------------------------------------+----+-----------+-----+-----------+
    |Total                                 | 118|         26|  185|        434|
    +--------------------------------------+----+-----------+-----+-----------+

    * Register: 
    +---------------------------------------+----+----+-----+-----------+
    |                  Name                 | FF | LUT| Bits| Const Bits|
    +---------------------------------------+----+----+-----+-----------+
    |ap_CS_fsm                              |   1|   0|    1|          0|
    |ap_done_reg                            |   1|   0|    1|          0|
    |ap_enable_reg_pp0_iter1                |   1|   0|    1|          0|
    |col_ptr_fu_118                         |  32|   0|   32|          0|
    |icmp_ln94_reg_2150                     |   1|   0|    1|          0|
    |line_buffer_10_load_0_fu_286           |  32|   0|   32|          0|
    |line_buffer_11_load_0_fu_290           |  32|   0|   32|          0|
    |line_buffer_12_load_0_fu_294           |  32|   0|   32|          0|
    |line_buffer_13_load_0_fu_298           |  32|   0|   32|          0|
    |line_buffer_14_load_0_fu_302           |  32|   0|   32|          0|
    |line_buffer_15_load_0_fu_306           |  32|   0|   32|          0|
    |line_buffer_16_load_0_fu_310           |  32|   0|   32|          0|
    |line_buffer_17_load_0_fu_314           |  32|   0|   32|          0|
    |line_buffer_18_load_0_fu_318           |  32|   0|   32|          0|
    |line_buffer_19_load_0_fu_322           |  32|   0|   32|          0|
    |line_buffer_1_load_1_0_fu_250          |  32|   0|   32|          0|
    |line_buffer_20_load_0_fu_326           |  32|   0|   32|          0|
    |line_buffer_21_load_0_fu_330           |  32|   0|   32|          0|
    |line_buffer_22_load_0_fu_334           |  32|   0|   32|          0|
    |line_buffer_23_load_0_fu_338           |  32|   0|   32|          0|
    |line_buffer_24_load_0_fu_342           |  32|   0|   32|          0|
    |line_buffer_25_load_0_fu_346           |  32|   0|   32|          0|
    |line_buffer_26_load_0_fu_350           |  32|   0|   32|          0|
    |line_buffer_27_load_0_fu_354           |  32|   0|   32|          0|
    |line_buffer_2_load_1_0_fu_254          |  32|   0|   32|          0|
    |line_buffer_3_load_1_0_fu_258          |  32|   0|   32|          0|
    |line_buffer_4_load_1_0_fu_262          |  32|   0|   32|          0|
    |line_buffer_5_load_1_0_fu_266          |  32|   0|   32|          0|
    |line_buffer_6_load_0_fu_270            |  32|   0|   32|          0|
    |line_buffer_7_load_0_fu_274            |  32|   0|   32|          0|
    |line_buffer_8_load_0_fu_278            |  32|   0|   32|          0|
    |line_buffer_9_load_0_fu_282            |  32|   0|   32|          0|
    |line_buffer_load_2_0_fu_246            |  32|   0|   32|          0|
    |new_pixel_10_fu_166                    |  32|   0|   32|          0|
    |new_pixel_11_fu_170                    |  32|   0|   32|          0|
    |new_pixel_12_fu_174                    |  32|   0|   32|          0|
    |new_pixel_13_fu_178                    |  32|   0|   32|          0|
    |new_pixel_14_fu_182                    |  32|   0|   32|          0|
    |new_pixel_15_fu_186                    |  32|   0|   32|          0|
    |new_pixel_16_fu_190                    |  32|   0|   32|          0|
    |new_pixel_17_fu_194                    |  32|   0|   32|          0|
    |new_pixel_18_fu_198                    |  32|   0|   32|          0|
    |new_pixel_19_fu_202                    |  32|   0|   32|          0|
    |new_pixel_20_fu_206                    |  32|   0|   32|          0|
    |new_pixel_21_fu_210                    |  32|   0|   32|          0|
    |new_pixel_22_fu_214                    |  32|   0|   32|          0|
    |new_pixel_23_fu_218                    |  32|   0|   32|          0|
    |new_pixel_24_fu_222                    |  32|   0|   32|          0|
    |new_pixel_25_fu_226                    |  32|   0|   32|          0|
    |new_pixel_26_fu_230                    |  32|   0|   32|          0|
    |new_pixel_27_fu_234                    |  32|   0|   32|          0|
    |new_pixel_28_fu_238                    |  32|   0|   32|          0|
    |new_pixel_29_fu_242                    |  32|   0|   32|          0|
    |new_pixel_2_reg_501                    |  32|   0|   32|          0|
    |new_pixel_30_fu_358                    |  32|   0|   32|          0|
    |new_pixel_31_fu_362                    |  32|   0|   32|          0|
    |new_pixel_32_fu_366                    |  32|   0|   32|          0|
    |new_pixel_33_fu_370                    |  32|   0|   32|          0|
    |new_pixel_34_fu_374                    |  32|   0|   32|          0|
    |new_pixel_35_fu_378                    |  32|   0|   32|          0|
    |new_pixel_36_fu_382                    |  32|   0|   32|          0|
    |new_pixel_37_fu_386                    |  32|   0|   32|          0|
    |new_pixel_38_fu_390                    |  32|   0|   32|          0|
    |new_pixel_39_fu_394                    |  32|   0|   32|          0|
    |new_pixel_3_fu_138                     |  32|   0|   32|          0|
    |new_pixel_40_fu_398                    |  32|   0|   32|          0|
    |new_pixel_41_fu_402                    |  32|   0|   32|          0|
    |new_pixel_42_fu_406                    |  32|   0|   32|          0|
    |new_pixel_43_fu_410                    |  32|   0|   32|          0|
    |new_pixel_44_fu_414                    |  32|   0|   32|          0|
    |new_pixel_45_fu_418                    |  32|   0|   32|          0|
    |new_pixel_46_fu_422                    |  32|   0|   32|          0|
    |new_pixel_47_fu_426                    |  32|   0|   32|          0|
    |new_pixel_48_fu_430                    |  32|   0|   32|          0|
    |new_pixel_49_fu_434                    |  32|   0|   32|          0|
    |new_pixel_4_fu_142                     |  32|   0|   32|          0|
    |new_pixel_50_fu_438                    |  32|   0|   32|          0|
    |new_pixel_51_fu_442                    |  32|   0|   32|          0|
    |new_pixel_52_fu_446                    |  32|   0|   32|          0|
    |new_pixel_53_fu_450                    |  32|   0|   32|          0|
    |new_pixel_54_fu_454                    |  32|   0|   32|          0|
    |new_pixel_55_fu_458                    |  32|   0|   32|          0|
    |new_pixel_56_fu_462                    |  32|   0|   32|          0|
    |new_pixel_57_fu_466                    |  32|   0|   32|          0|
    |new_pixel_58_fu_474                    |  32|   0|   32|          0|
    |new_pixel_58_load_reg_2116             |  32|   0|   32|          0|
    |new_pixel_5_fu_146                     |  32|   0|   32|          0|
    |new_pixel_6_fu_150                     |  32|   0|   32|          0|
    |new_pixel_7_fu_154                     |  32|   0|   32|          0|
    |new_pixel_8_fu_158                     |  32|   0|   32|          0|
    |new_pixel_9_fu_162                     |  32|   0|   32|          0|
    |new_pixel_fu_134                       |  32|   0|   32|          0|
    |pixel_counter_fu_114                   |  10|   0|   10|          0|
    |start_once_reg                         |   1|   0|    1|          0|
    |temp_windows_elements_load_0_0_fu_130  |  32|   0|   32|          0|
    |temp_windows_elements_load_0_1_fu_478  |  32|   0|   32|          0|
    |temp_windows_elements_load_13_fu_122   |  32|   0|   32|          0|
    |temp_windows_elements_load_14_fu_470   |  32|   0|   32|          0|
    |temp_windows_elements_load_16_fu_126   |  32|   0|   32|          0|
    |temp_windows_elements_load_1_reg_2122  |  32|   0|   32|          0|
    |temp_windows_elements_load_reg_2110    |  32|   0|   32|          0|
    |tmp_1_reg_2141                         |  32|   0|   32|          0|
    |tmp_s_reg_2136                         |  32|   0|   32|          0|
    +---------------------------------------+----+----+-----+-----------+
    |Total                                  |3119|   0| 3119|          0|
    +---------------------------------------+----+----+-----+-----------+



================================================================
== Interface
================================================================
* Summary: 
+----------------------------------------+-----+-----+------------+---------------------------------------------------------+--------------+
|                RTL Ports               | Dir | Bits|  Protocol  |                      Source Object                      |    C Type    |
+----------------------------------------+-----+-----+------------+---------------------------------------------------------+--------------+
|ap_clk                                  |   in|    1|  ap_ctrl_hs|  create_window_stream_conv2d_1c<float, 28u, 28u, 3u, 3u>|  return value|
|ap_rst                                  |   in|    1|  ap_ctrl_hs|  create_window_stream_conv2d_1c<float, 28u, 28u, 3u, 3u>|  return value|
|ap_start                                |   in|    1|  ap_ctrl_hs|  create_window_stream_conv2d_1c<float, 28u, 28u, 3u, 3u>|  return value|
|start_full_n                            |   in|    1|  ap_ctrl_hs|  create_window_stream_conv2d_1c<float, 28u, 28u, 3u, 3u>|  return value|
|ap_done                                 |  out|    1|  ap_ctrl_hs|  create_window_stream_conv2d_1c<float, 28u, 28u, 3u, 3u>|  return value|
|ap_continue                             |   in|    1|  ap_ctrl_hs|  create_window_stream_conv2d_1c<float, 28u, 28u, 3u, 3u>|  return value|
|ap_idle                                 |  out|    1|  ap_ctrl_hs|  create_window_stream_conv2d_1c<float, 28u, 28u, 3u, 3u>|  return value|
|ap_ready                                |  out|    1|  ap_ctrl_hs|  create_window_stream_conv2d_1c<float, 28u, 28u, 3u, 3u>|  return value|
|start_out                               |  out|    1|  ap_ctrl_hs|  create_window_stream_conv2d_1c<float, 28u, 28u, 3u, 3u>|  return value|
|start_write                             |  out|    1|  ap_ctrl_hs|  create_window_stream_conv2d_1c<float, 28u, 28u, 3u, 3u>|  return value|
|input_stream_TVALID                     |   in|    1|        axis|                                    input_stream_V_last_V|       pointer|
|input_stream_TREADY                     |  out|    1|        axis|                                    input_stream_V_last_V|       pointer|
|input_stream_TLAST                      |   in|    1|        axis|                                    input_stream_V_last_V|       pointer|
|conv2d_32_window_stream_din             |  out|  288|     ap_fifo|                                  conv2d_32_window_stream|       pointer|
|conv2d_32_window_stream_num_data_valid  |   in|    3|     ap_fifo|                                  conv2d_32_window_stream|       pointer|
|conv2d_32_window_stream_fifo_cap        |   in|    3|     ap_fifo|                                  conv2d_32_window_stream|       pointer|
|conv2d_32_window_stream_full_n          |   in|    1|     ap_fifo|                                  conv2d_32_window_stream|       pointer|
|conv2d_32_window_stream_write           |  out|    1|     ap_fifo|                                  conv2d_32_window_stream|       pointer|
|input_stream_TDATA                      |   in|   32|        axis|                                    input_stream_V_data_V|       pointer|
|input_stream_TKEEP                      |   in|    4|        axis|                                    input_stream_V_keep_V|       pointer|
|input_stream_TSTRB                      |   in|    4|        axis|                                    input_stream_V_strb_V|       pointer|
+----------------------------------------+-----+-----+------------+---------------------------------------------------------+--------------+

