

================================================================
== Vitis HLS Report for 'pad_windows_mc_float_14u_14u_32u_3u_3u_64u_s'
================================================================
* Date:           Tue Oct 18 21:15:53 2022

* Version:        2022.1 (Build 3526262 on Mon Apr 18 15:47:01 MDT 2022)
* Project:        forward_prop
* Solution:       solution1 (Vitis Kernel Flow Target)
* Product family: virtexuplus
* Target device:  xcvu5p-flva2104-1-e


================================================================
== Performance Estimates
================================================================
+ Timing: 
    * Summary: 
    +--------+----------+----------+------------+
    |  Clock |  Target  | Estimated| Uncertainty|
    +--------+----------+----------+------------+
    |ap_clk  |  10.00 ns|  4.549 ns|     2.70 ns|
    +--------+----------+----------+------------+

+ Latency: 
    * Summary: 
    +---------+---------+-----------+-----------+------+------+---------+
    |  Latency (cycles) |   Latency (absolute)  |   Interval  | Pipeline|
    |   min   |   max   |    min    |    max    |  min |  max |   Type  |
    +---------+---------+-----------+-----------+------+------+---------+
    |     6274|     6274|  62.740 us|  62.740 us|  6274|  6274|       no|
    +---------+---------+-----------+-----------+------+------+---------+

    + Detail: 
        * Instance: 
        N/A

        * Loop: 
        +------------------+---------+---------+----------+-----------+-----------+------+----------+
        |                  |  Latency (cycles) | Iteration|  Initiation Interval  | Trip |          |
        |     Loop Name    |   min   |   max   |  Latency |  achieved |   target  | Count| Pipelined|
        +------------------+---------+---------+----------+-----------+-----------+------+----------+
        |- in_y_in_x_in_c  |     6272|     6272|         2|          1|          1|  6272|       yes|
        +------------------+---------+---------+----------+-----------+-----------+------+----------+



================================================================
== Utilization Estimates
================================================================
* Summary: 
+---------------------+---------+------+---------+--------+-----+
|         Name        | BRAM_18K|  DSP |    FF   |   LUT  | URAM|
+---------------------+---------+------+---------+--------+-----+
|DSP                  |        -|     -|        -|       -|    -|
|Expression           |        -|     -|        0|     605|    -|
|FIFO                 |        -|     -|        -|       -|    -|
|Instance             |        -|     -|        -|       -|    -|
|Memory               |        -|     -|        -|       -|    -|
|Multiplexer          |        -|     -|        -|     423|    -|
|Register             |        -|     -|       59|       -|    -|
+---------------------+---------+------+---------+--------+-----+
|Total                |        0|     0|       59|    1028|    0|
+---------------------+---------+------+---------+--------+-----+
|Available SLR        |     1024|  1737|   600577|  300288|  235|
+---------------------+---------+------+---------+--------+-----+
|Utilization SLR (%)  |        0|     0|       ~0|      ~0|    0|
+---------------------+---------+------+---------+--------+-----+
|Available            |     2048|  3474|  1201154|  600577|  470|
+---------------------+---------+------+---------+--------+-----+
|Utilization (%)      |        0|     0|       ~0|      ~0|    0|
+---------------------+---------+------+---------+--------+-----+

+ Detail: 
    * Instance: 
    N/A

    * DSP: 
    N/A

    * Memory: 
    N/A

    * FIFO: 
    N/A

    * Expression: 
    +----------------------------------+----------+----+---+----+------------+------------+
    |           Variable Name          | Operation| DSP| FF| LUT| Bitwidth P0| Bitwidth P1|
    +----------------------------------+----------+----+---+----+------------+------------+
    |add_ln246_fu_598_p2               |         +|   0|  0|  20|          13|           1|
    |add_ln247_fu_807_p2               |         +|   0|  0|  17|          10|           1|
    |add_ln248_fu_801_p2               |         +|   0|  0|  13|           6|           1|
    |add_ln257_1_fu_562_p2             |         +|   0|  0|  12|           4|           1|
    |add_ln257_2_fu_710_p2             |         +|   0|  0|  12|           4|           1|
    |add_ln257_3_fu_734_p2             |         +|   0|  0|  12|           5|           2|
    |add_ln257_4_fu_746_p2             |         +|   0|  0|  12|           4|           2|
    |add_ln257_fu_544_p2               |         +|   0|  0|  12|           5|           2|
    |empty_152_fu_528_p2               |         +|   0|  0|  12|           4|           1|
    |empty_fu_516_p2                   |         +|   0|  0|  12|           5|           2|
    |p_mid114_fu_648_p2                |         +|   0|  0|  12|           4|           2|
    |p_mid1_fu_628_p2                  |         +|   0|  0|  12|           5|           2|
    |and_ln246_1_fu_696_p2             |       and|   0|  0|   2|           1|           1|
    |and_ln246_fu_854_p2               |       and|   0|  0|   2|           1|           1|
    |ap_condition_540                  |       and|   0|  0|   2|           1|           1|
    |empty_151_fu_522_p2               |      icmp|   0|  0|   9|           5|           4|
    |empty_153_fu_534_p2               |      icmp|   0|  0|   9|           4|           3|
    |icmp_ln246_fu_592_p2              |      icmp|   0|  0|  12|          13|          12|
    |icmp_ln247_fu_610_p2              |      icmp|   0|  0|  11|          10|           9|
    |icmp_ln248_fu_690_p2              |      icmp|   0|  0|  10|           6|           7|
    |icmp_ln257_1_fu_568_p2            |      icmp|   0|  0|   9|           4|           3|
    |icmp_ln257_2_fu_740_p2            |      icmp|   0|  0|   9|           5|           4|
    |icmp_ln257_3_fu_752_p2            |      icmp|   0|  0|   9|           4|           3|
    |icmp_ln257_fu_550_p2              |      icmp|   0|  0|   9|           5|           4|
    |p_mid112_fu_634_p2                |      icmp|   0|  0|   9|           5|           4|
    |p_mid116_fu_654_p2                |      icmp|   0|  0|   9|           4|           3|
    |ap_block_pp0_stage0_01001         |        or|   0|  0|   2|           1|           1|
    |ap_block_state2_pp0_stage0_iter1  |        or|   0|  0|   2|           1|           1|
    |or_ln246_1_fu_850_p2              |        or|   0|  0|   2|           1|           1|
    |or_ln246_2_fu_858_p2              |        or|   0|  0|   2|           1|           1|
    |or_ln246_fu_846_p2                |        or|   0|  0|   2|           1|           1|
    |or_ln247_fu_716_p2                |        or|   0|  0|   2|           1|           1|
    |or_ln257_1_fu_574_p2              |        or|   0|  0|   2|           1|           1|
    |or_ln257_2_fu_580_p2              |        or|   0|  0|   2|           1|           1|
    |or_ln257_3_fu_586_p2              |        or|   0|  0|   2|           1|           1|
    |or_ln257_4_fu_868_p2              |        or|   0|  0|   2|           1|           1|
    |or_ln257_5_fu_758_p2              |        or|   0|  0|   2|           1|           1|
    |or_ln257_6_fu_885_p2              |        or|   0|  0|   2|           1|           1|
    |or_ln257_7_fu_772_p2              |        or|   0|  0|   2|           1|           1|
    |or_ln257_fu_556_p2                |        or|   0|  0|   2|           1|           1|
    |select_ln246_1_fu_640_p3          |    select|   0|  0|   2|           1|           1|
    |select_ln246_2_fu_660_p3          |    select|   0|  0|   2|           1|           1|
    |select_ln246_3_fu_674_p3          |    select|   0|  0|   2|           1|           1|
    |select_ln246_4_fu_682_p3          |    select|   0|  0|   2|           1|           1|
    |select_ln246_5_fu_702_p3          |    select|   0|  0|   4|           1|           4|
    |select_ln246_fu_616_p3            |    select|   0|  0|   4|           1|           1|
    |select_ln247_1_fu_862_p3          |    select|   0|  0|   2|           1|           1|
    |select_ln247_2_fu_872_p3          |    select|   0|  0|   2|           1|           1|
    |select_ln247_3_fu_879_p3          |    select|   0|  0|   2|           1|           1|
    |select_ln247_4_fu_764_p3          |    select|   0|  0|   2|           1|           1|
    |select_ln247_5_fu_889_p3          |    select|   0|  0|   2|           1|           1|
    |select_ln247_6_fu_778_p3          |    select|   0|  0|   2|           1|           1|
    |select_ln247_7_fu_786_p3          |    select|   0|  0|   4|           1|           4|
    |select_ln247_8_fu_813_p3          |    select|   0|  0|  10|           1|           1|
    |select_ln247_fu_722_p3            |    select|   0|  0|   6|           1|           1|
    |select_ln257_1_fu_1020_p3         |    select|   0|  0|  32|           1|           1|
    |select_ln257_2_fu_1027_p3         |    select|   0|  0|  32|           1|           1|
    |select_ln257_3_fu_1034_p3         |    select|   0|  0|  32|           1|           1|
    |select_ln257_4_fu_1042_p3         |    select|   0|  0|  32|           1|           1|
    |select_ln257_5_fu_1050_p3         |    select|   0|  0|  32|           1|           1|
    |select_ln257_6_fu_1058_p3         |    select|   0|  0|  32|           1|           1|
    |select_ln257_7_fu_1065_p3         |    select|   0|  0|  32|           1|           1|
    |select_ln257_fu_1012_p3           |    select|   0|  0|  32|           1|           1|
    |ap_enable_pp0                     |       xor|   0|  0|   2|           1|           2|
    |xor_ln246_fu_668_p2               |       xor|   0|  0|   2|           1|           2|
    +----------------------------------+----------+----+---+----+------------+------------+
    |Total                             |          |   0|  0| 605|         176|         124|
    +----------------------------------+----------+----+---+----+------------+------------+

    * Multiplexer: 
    +-----------------------------------------+----+-----------+-----+-----------+
    |                   Name                  | LUT| Input Size| Bits| Total Bits|
    +-----------------------------------------+----+-----------+-----+-----------+
    |ap_done_int                              |   9|          2|    1|          2|
    |ap_enable_reg_pp0_iter1                  |   9|          2|    1|          2|
    |ap_sig_allocacmp_channel_load            |   9|          2|    6|         12|
    |ap_sig_allocacmp_in_x_1                  |   9|          2|    4|          8|
    |ap_sig_allocacmp_in_y_1                  |   9|          2|    4|          8|
    |ap_sig_allocacmp_indvar_flatten38_load   |   9|          2|   13|         26|
    |ap_sig_allocacmp_indvar_flatten_load     |   9|          2|   10|         20|
    |ap_sig_allocacmp_indvar_flatten_load_1   |   9|          2|   10|         20|
    |channel_fu_228                           |   9|          2|    6|         12|
    |conv2d_64_padded_window_stream_0_blk_n   |   9|          2|    1|          2|
    |conv2d_64_padded_window_stream_10_blk_n  |   9|          2|    1|          2|
    |conv2d_64_padded_window_stream_11_blk_n  |   9|          2|    1|          2|
    |conv2d_64_padded_window_stream_12_blk_n  |   9|          2|    1|          2|
    |conv2d_64_padded_window_stream_13_blk_n  |   9|          2|    1|          2|
    |conv2d_64_padded_window_stream_14_blk_n  |   9|          2|    1|          2|
    |conv2d_64_padded_window_stream_15_blk_n  |   9|          2|    1|          2|
    |conv2d_64_padded_window_stream_16_blk_n  |   9|          2|    1|          2|
    |conv2d_64_padded_window_stream_17_blk_n  |   9|          2|    1|          2|
    |conv2d_64_padded_window_stream_18_blk_n  |   9|          2|    1|          2|
    |conv2d_64_padded_window_stream_19_blk_n  |   9|          2|    1|          2|
    |conv2d_64_padded_window_stream_1_blk_n   |   9|          2|    1|          2|
    |conv2d_64_padded_window_stream_20_blk_n  |   9|          2|    1|          2|
    |conv2d_64_padded_window_stream_21_blk_n  |   9|          2|    1|          2|
    |conv2d_64_padded_window_stream_22_blk_n  |   9|          2|    1|          2|
    |conv2d_64_padded_window_stream_23_blk_n  |   9|          2|    1|          2|
    |conv2d_64_padded_window_stream_24_blk_n  |   9|          2|    1|          2|
    |conv2d_64_padded_window_stream_25_blk_n  |   9|          2|    1|          2|
    |conv2d_64_padded_window_stream_26_blk_n  |   9|          2|    1|          2|
    |conv2d_64_padded_window_stream_27_blk_n  |   9|          2|    1|          2|
    |conv2d_64_padded_window_stream_28_blk_n  |   9|          2|    1|          2|
    |conv2d_64_padded_window_stream_29_blk_n  |   9|          2|    1|          2|
    |conv2d_64_padded_window_stream_2_blk_n   |   9|          2|    1|          2|
    |conv2d_64_padded_window_stream_30_blk_n  |   9|          2|    1|          2|
    |conv2d_64_padded_window_stream_31_blk_n  |   9|          2|    1|          2|
    |conv2d_64_padded_window_stream_3_blk_n   |   9|          2|    1|          2|
    |conv2d_64_padded_window_stream_4_blk_n   |   9|          2|    1|          2|
    |conv2d_64_padded_window_stream_5_blk_n   |   9|          2|    1|          2|
    |conv2d_64_padded_window_stream_6_blk_n   |   9|          2|    1|          2|
    |conv2d_64_padded_window_stream_7_blk_n   |   9|          2|    1|          2|
    |conv2d_64_padded_window_stream_8_blk_n   |   9|          2|    1|          2|
    |conv2d_64_padded_window_stream_9_blk_n   |   9|          2|    1|          2|
    |conv2d_64_window_stream_blk_n            |   9|          2|    1|          2|
    |in_x_fu_232                              |   9|          2|    4|          8|
    |in_y_fu_240                              |   9|          2|    4|          8|
    |indvar_flatten38_fu_244                  |   9|          2|   13|         26|
    |indvar_flatten_fu_236                    |   9|          2|   10|         20|
    |real_start                               |   9|          2|    1|          2|
    +-----------------------------------------+----+-----------+-----+-----------+
    |Total                                    | 423|         94|  120|        240|
    +-----------------------------------------+----+-----------+-----+-----------+

    * Register: 
    +-------------------------+----+----+-----+-----------+
    |           Name          | FF | LUT| Bits| Const Bits|
    +-------------------------+----+----+-----+-----------+
    |and_ln246_1_reg_2915     |   1|   0|    1|          0|
    |ap_CS_fsm                |   1|   0|    1|          0|
    |ap_done_reg              |   1|   0|    1|          0|
    |ap_enable_reg_pp0_iter1  |   1|   0|    1|          0|
    |channel_fu_228           |   6|   0|    6|          0|
    |icmp_ln247_reg_2891      |   1|   0|    1|          0|
    |icmp_ln257_1_reg_2878    |   1|   0|    1|          0|
    |icmp_ln257_2_reg_2923    |   1|   0|    1|          0|
    |icmp_ln257_3_reg_2930    |   1|   0|    1|          0|
    |icmp_ln257_reg_2868      |   1|   0|    1|          0|
    |in_x_fu_232              |   4|   0|    4|          0|
    |in_y_fu_240              |   4|   0|    4|          0|
    |indvar_flatten38_fu_244  |  13|   0|   13|          0|
    |indvar_flatten_fu_236    |  10|   0|   10|          0|
    |or_ln257_2_reg_2883      |   1|   0|    1|          0|
    |or_ln257_reg_2873        |   1|   0|    1|          0|
    |select_ln246_1_reg_2898  |   1|   0|    1|          0|
    |select_ln246_2_reg_2904  |   1|   0|    1|          0|
    |select_ln247_4_reg_2935  |   1|   0|    1|          0|
    |select_ln247_6_reg_2940  |   1|   0|    1|          0|
    |start_once_reg           |   1|   0|    1|          0|
    |trunc_ln174_reg_2945     |   5|   0|    5|          0|
    |xor_ln246_reg_2910       |   1|   0|    1|          0|
    +-------------------------+----+----+-----+-----------+
    |Total                    |  59|   0|   59|          0|
    +-------------------------+----+----+-----+-----------+



================================================================
== Interface
================================================================
* Summary: 
+--------------------------------------------------+-----+-----+------------+---------------------------------------------------+--------------+
|                     RTL Ports                    | Dir | Bits|  Protocol  |                   Source Object                   |    C Type    |
+--------------------------------------------------+-----+-----+------------+---------------------------------------------------+--------------+
|ap_clk                                            |   in|    1|  ap_ctrl_hs|  pad_windows_mc<float, 14u, 14u, 32u, 3u, 3u, 64u>|  return value|
|ap_rst                                            |   in|    1|  ap_ctrl_hs|  pad_windows_mc<float, 14u, 14u, 32u, 3u, 3u, 64u>|  return value|
|ap_start                                          |   in|    1|  ap_ctrl_hs|  pad_windows_mc<float, 14u, 14u, 32u, 3u, 3u, 64u>|  return value|
|start_full_n                                      |   in|    1|  ap_ctrl_hs|  pad_windows_mc<float, 14u, 14u, 32u, 3u, 3u, 64u>|  return value|
|ap_done                                           |  out|    1|  ap_ctrl_hs|  pad_windows_mc<float, 14u, 14u, 32u, 3u, 3u, 64u>|  return value|
|ap_continue                                       |   in|    1|  ap_ctrl_hs|  pad_windows_mc<float, 14u, 14u, 32u, 3u, 3u, 64u>|  return value|
|ap_idle                                           |  out|    1|  ap_ctrl_hs|  pad_windows_mc<float, 14u, 14u, 32u, 3u, 3u, 64u>|  return value|
|ap_ready                                          |  out|    1|  ap_ctrl_hs|  pad_windows_mc<float, 14u, 14u, 32u, 3u, 3u, 64u>|  return value|
|start_out                                         |  out|    1|  ap_ctrl_hs|  pad_windows_mc<float, 14u, 14u, 32u, 3u, 3u, 64u>|  return value|
|start_write                                       |  out|    1|  ap_ctrl_hs|  pad_windows_mc<float, 14u, 14u, 32u, 3u, 3u, 64u>|  return value|
|conv2d_64_window_stream_dout                      |   in|  288|     ap_fifo|                            conv2d_64_window_stream|       pointer|
|conv2d_64_window_stream_num_data_valid            |   in|    3|     ap_fifo|                            conv2d_64_window_stream|       pointer|
|conv2d_64_window_stream_fifo_cap                  |   in|    3|     ap_fifo|                            conv2d_64_window_stream|       pointer|
|conv2d_64_window_stream_empty_n                   |   in|    1|     ap_fifo|                            conv2d_64_window_stream|       pointer|
|conv2d_64_window_stream_read                      |  out|    1|     ap_fifo|                            conv2d_64_window_stream|       pointer|
|conv2d_64_padded_window_stream_30_din             |  out|  288|     ap_fifo|                  conv2d_64_padded_window_stream_30|       pointer|
|conv2d_64_padded_window_stream_30_num_data_valid  |   in|    3|     ap_fifo|                  conv2d_64_padded_window_stream_30|       pointer|
|conv2d_64_padded_window_stream_30_fifo_cap        |   in|    3|     ap_fifo|                  conv2d_64_padded_window_stream_30|       pointer|
|conv2d_64_padded_window_stream_30_full_n          |   in|    1|     ap_fifo|                  conv2d_64_padded_window_stream_30|       pointer|
|conv2d_64_padded_window_stream_30_write           |  out|    1|     ap_fifo|                  conv2d_64_padded_window_stream_30|       pointer|
|conv2d_64_padded_window_stream_29_din             |  out|  288|     ap_fifo|                  conv2d_64_padded_window_stream_29|       pointer|
|conv2d_64_padded_window_stream_29_num_data_valid  |   in|    3|     ap_fifo|                  conv2d_64_padded_window_stream_29|       pointer|
|conv2d_64_padded_window_stream_29_fifo_cap        |   in|    3|     ap_fifo|                  conv2d_64_padded_window_stream_29|       pointer|
|conv2d_64_padded_window_stream_29_full_n          |   in|    1|     ap_fifo|                  conv2d_64_padded_window_stream_29|       pointer|
|conv2d_64_padded_window_stream_29_write           |  out|    1|     ap_fifo|                  conv2d_64_padded_window_stream_29|       pointer|
|conv2d_64_padded_window_stream_28_din             |  out|  288|     ap_fifo|                  conv2d_64_padded_window_stream_28|       pointer|
|conv2d_64_padded_window_stream_28_num_data_valid  |   in|    3|     ap_fifo|                  conv2d_64_padded_window_stream_28|       pointer|
|conv2d_64_padded_window_stream_28_fifo_cap        |   in|    3|     ap_fifo|                  conv2d_64_padded_window_stream_28|       pointer|
|conv2d_64_padded_window_stream_28_full_n          |   in|    1|     ap_fifo|                  conv2d_64_padded_window_stream_28|       pointer|
|conv2d_64_padded_window_stream_28_write           |  out|    1|     ap_fifo|                  conv2d_64_padded_window_stream_28|       pointer|
|conv2d_64_padded_window_stream_27_din             |  out|  288|     ap_fifo|                  conv2d_64_padded_window_stream_27|       pointer|
|conv2d_64_padded_window_stream_27_num_data_valid  |   in|    3|     ap_fifo|                  conv2d_64_padded_window_stream_27|       pointer|
|conv2d_64_padded_window_stream_27_fifo_cap        |   in|    3|     ap_fifo|                  conv2d_64_padded_window_stream_27|       pointer|
|conv2d_64_padded_window_stream_27_full_n          |   in|    1|     ap_fifo|                  conv2d_64_padded_window_stream_27|       pointer|
|conv2d_64_padded_window_stream_27_write           |  out|    1|     ap_fifo|                  conv2d_64_padded_window_stream_27|       pointer|
|conv2d_64_padded_window_stream_26_din             |  out|  288|     ap_fifo|                  conv2d_64_padded_window_stream_26|       pointer|
|conv2d_64_padded_window_stream_26_num_data_valid  |   in|    3|     ap_fifo|                  conv2d_64_padded_window_stream_26|       pointer|
|conv2d_64_padded_window_stream_26_fifo_cap        |   in|    3|     ap_fifo|                  conv2d_64_padded_window_stream_26|       pointer|
|conv2d_64_padded_window_stream_26_full_n          |   in|    1|     ap_fifo|                  conv2d_64_padded_window_stream_26|       pointer|
|conv2d_64_padded_window_stream_26_write           |  out|    1|     ap_fifo|                  conv2d_64_padded_window_stream_26|       pointer|
|conv2d_64_padded_window_stream_25_din             |  out|  288|     ap_fifo|                  conv2d_64_padded_window_stream_25|       pointer|
|conv2d_64_padded_window_stream_25_num_data_valid  |   in|    3|     ap_fifo|                  conv2d_64_padded_window_stream_25|       pointer|
|conv2d_64_padded_window_stream_25_fifo_cap        |   in|    3|     ap_fifo|                  conv2d_64_padded_window_stream_25|       pointer|
|conv2d_64_padded_window_stream_25_full_n          |   in|    1|     ap_fifo|                  conv2d_64_padded_window_stream_25|       pointer|
|conv2d_64_padded_window_stream_25_write           |  out|    1|     ap_fifo|                  conv2d_64_padded_window_stream_25|       pointer|
|conv2d_64_padded_window_stream_24_din             |  out|  288|     ap_fifo|                  conv2d_64_padded_window_stream_24|       pointer|
|conv2d_64_padded_window_stream_24_num_data_valid  |   in|    3|     ap_fifo|                  conv2d_64_padded_window_stream_24|       pointer|
|conv2d_64_padded_window_stream_24_fifo_cap        |   in|    3|     ap_fifo|                  conv2d_64_padded_window_stream_24|       pointer|
|conv2d_64_padded_window_stream_24_full_n          |   in|    1|     ap_fifo|                  conv2d_64_padded_window_stream_24|       pointer|
|conv2d_64_padded_window_stream_24_write           |  out|    1|     ap_fifo|                  conv2d_64_padded_window_stream_24|       pointer|
|conv2d_64_padded_window_stream_23_din             |  out|  288|     ap_fifo|                  conv2d_64_padded_window_stream_23|       pointer|
|conv2d_64_padded_window_stream_23_num_data_valid  |   in|    3|     ap_fifo|                  conv2d_64_padded_window_stream_23|       pointer|
|conv2d_64_padded_window_stream_23_fifo_cap        |   in|    3|     ap_fifo|                  conv2d_64_padded_window_stream_23|       pointer|
|conv2d_64_padded_window_stream_23_full_n          |   in|    1|     ap_fifo|                  conv2d_64_padded_window_stream_23|       pointer|
|conv2d_64_padded_window_stream_23_write           |  out|    1|     ap_fifo|                  conv2d_64_padded_window_stream_23|       pointer|
|conv2d_64_padded_window_stream_22_din             |  out|  288|     ap_fifo|                  conv2d_64_padded_window_stream_22|       pointer|
|conv2d_64_padded_window_stream_22_num_data_valid  |   in|    3|     ap_fifo|                  conv2d_64_padded_window_stream_22|       pointer|
|conv2d_64_padded_window_stream_22_fifo_cap        |   in|    3|     ap_fifo|                  conv2d_64_padded_window_stream_22|       pointer|
|conv2d_64_padded_window_stream_22_full_n          |   in|    1|     ap_fifo|                  conv2d_64_padded_window_stream_22|       pointer|
|conv2d_64_padded_window_stream_22_write           |  out|    1|     ap_fifo|                  conv2d_64_padded_window_stream_22|       pointer|
|conv2d_64_padded_window_stream_21_din             |  out|  288|     ap_fifo|                  conv2d_64_padded_window_stream_21|       pointer|
|conv2d_64_padded_window_stream_21_num_data_valid  |   in|    3|     ap_fifo|                  conv2d_64_padded_window_stream_21|       pointer|
|conv2d_64_padded_window_stream_21_fifo_cap        |   in|    3|     ap_fifo|                  conv2d_64_padded_window_stream_21|       pointer|
|conv2d_64_padded_window_stream_21_full_n          |   in|    1|     ap_fifo|                  conv2d_64_padded_window_stream_21|       pointer|
|conv2d_64_padded_window_stream_21_write           |  out|    1|     ap_fifo|                  conv2d_64_padded_window_stream_21|       pointer|
|conv2d_64_padded_window_stream_20_din             |  out|  288|     ap_fifo|                  conv2d_64_padded_window_stream_20|       pointer|
|conv2d_64_padded_window_stream_20_num_data_valid  |   in|    3|     ap_fifo|                  conv2d_64_padded_window_stream_20|       pointer|
|conv2d_64_padded_window_stream_20_fifo_cap        |   in|    3|     ap_fifo|                  conv2d_64_padded_window_stream_20|       pointer|
|conv2d_64_padded_window_stream_20_full_n          |   in|    1|     ap_fifo|                  conv2d_64_padded_window_stream_20|       pointer|
|conv2d_64_padded_window_stream_20_write           |  out|    1|     ap_fifo|                  conv2d_64_padded_window_stream_20|       pointer|
|conv2d_64_padded_window_stream_19_din             |  out|  288|     ap_fifo|                  conv2d_64_padded_window_stream_19|       pointer|
|conv2d_64_padded_window_stream_19_num_data_valid  |   in|    3|     ap_fifo|                  conv2d_64_padded_window_stream_19|       pointer|
|conv2d_64_padded_window_stream_19_fifo_cap        |   in|    3|     ap_fifo|                  conv2d_64_padded_window_stream_19|       pointer|
|conv2d_64_padded_window_stream_19_full_n          |   in|    1|     ap_fifo|                  conv2d_64_padded_window_stream_19|       pointer|
|conv2d_64_padded_window_stream_19_write           |  out|    1|     ap_fifo|                  conv2d_64_padded_window_stream_19|       pointer|
|conv2d_64_padded_window_stream_18_din             |  out|  288|     ap_fifo|                  conv2d_64_padded_window_stream_18|       pointer|
|conv2d_64_padded_window_stream_18_num_data_valid  |   in|    3|     ap_fifo|                  conv2d_64_padded_window_stream_18|       pointer|
|conv2d_64_padded_window_stream_18_fifo_cap        |   in|    3|     ap_fifo|                  conv2d_64_padded_window_stream_18|       pointer|
|conv2d_64_padded_window_stream_18_full_n          |   in|    1|     ap_fifo|                  conv2d_64_padded_window_stream_18|       pointer|
|conv2d_64_padded_window_stream_18_write           |  out|    1|     ap_fifo|                  conv2d_64_padded_window_stream_18|       pointer|
|conv2d_64_padded_window_stream_17_din             |  out|  288|     ap_fifo|                  conv2d_64_padded_window_stream_17|       pointer|
|conv2d_64_padded_window_stream_17_num_data_valid  |   in|    3|     ap_fifo|                  conv2d_64_padded_window_stream_17|       pointer|
|conv2d_64_padded_window_stream_17_fifo_cap        |   in|    3|     ap_fifo|                  conv2d_64_padded_window_stream_17|       pointer|
|conv2d_64_padded_window_stream_17_full_n          |   in|    1|     ap_fifo|                  conv2d_64_padded_window_stream_17|       pointer|
|conv2d_64_padded_window_stream_17_write           |  out|    1|     ap_fifo|                  conv2d_64_padded_window_stream_17|       pointer|
|conv2d_64_padded_window_stream_16_din             |  out|  288|     ap_fifo|                  conv2d_64_padded_window_stream_16|       pointer|
|conv2d_64_padded_window_stream_16_num_data_valid  |   in|    3|     ap_fifo|                  conv2d_64_padded_window_stream_16|       pointer|
|conv2d_64_padded_window_stream_16_fifo_cap        |   in|    3|     ap_fifo|                  conv2d_64_padded_window_stream_16|       pointer|
|conv2d_64_padded_window_stream_16_full_n          |   in|    1|     ap_fifo|                  conv2d_64_padded_window_stream_16|       pointer|
|conv2d_64_padded_window_stream_16_write           |  out|    1|     ap_fifo|                  conv2d_64_padded_window_stream_16|       pointer|
|conv2d_64_padded_window_stream_15_din             |  out|  288|     ap_fifo|                  conv2d_64_padded_window_stream_15|       pointer|
|conv2d_64_padded_window_stream_15_num_data_valid  |   in|    3|     ap_fifo|                  conv2d_64_padded_window_stream_15|       pointer|
|conv2d_64_padded_window_stream_15_fifo_cap        |   in|    3|     ap_fifo|                  conv2d_64_padded_window_stream_15|       pointer|
|conv2d_64_padded_window_stream_15_full_n          |   in|    1|     ap_fifo|                  conv2d_64_padded_window_stream_15|       pointer|
|conv2d_64_padded_window_stream_15_write           |  out|    1|     ap_fifo|                  conv2d_64_padded_window_stream_15|       pointer|
|conv2d_64_padded_window_stream_14_din             |  out|  288|     ap_fifo|                  conv2d_64_padded_window_stream_14|       pointer|
|conv2d_64_padded_window_stream_14_num_data_valid  |   in|    3|     ap_fifo|                  conv2d_64_padded_window_stream_14|       pointer|
|conv2d_64_padded_window_stream_14_fifo_cap        |   in|    3|     ap_fifo|                  conv2d_64_padded_window_stream_14|       pointer|
|conv2d_64_padded_window_stream_14_full_n          |   in|    1|     ap_fifo|                  conv2d_64_padded_window_stream_14|       pointer|
|conv2d_64_padded_window_stream_14_write           |  out|    1|     ap_fifo|                  conv2d_64_padded_window_stream_14|       pointer|
|conv2d_64_padded_window_stream_13_din             |  out|  288|     ap_fifo|                  conv2d_64_padded_window_stream_13|       pointer|
|conv2d_64_padded_window_stream_13_num_data_valid  |   in|    3|     ap_fifo|                  conv2d_64_padded_window_stream_13|       pointer|
|conv2d_64_padded_window_stream_13_fifo_cap        |   in|    3|     ap_fifo|                  conv2d_64_padded_window_stream_13|       pointer|
|conv2d_64_padded_window_stream_13_full_n          |   in|    1|     ap_fifo|                  conv2d_64_padded_window_stream_13|       pointer|
|conv2d_64_padded_window_stream_13_write           |  out|    1|     ap_fifo|                  conv2d_64_padded_window_stream_13|       pointer|
|conv2d_64_padded_window_stream_12_din             |  out|  288|     ap_fifo|                  conv2d_64_padded_window_stream_12|       pointer|
|conv2d_64_padded_window_stream_12_num_data_valid  |   in|    3|     ap_fifo|                  conv2d_64_padded_window_stream_12|       pointer|
|conv2d_64_padded_window_stream_12_fifo_cap        |   in|    3|     ap_fifo|                  conv2d_64_padded_window_stream_12|       pointer|
|conv2d_64_padded_window_stream_12_full_n          |   in|    1|     ap_fifo|                  conv2d_64_padded_window_stream_12|       pointer|
|conv2d_64_padded_window_stream_12_write           |  out|    1|     ap_fifo|                  conv2d_64_padded_window_stream_12|       pointer|
|conv2d_64_padded_window_stream_11_din             |  out|  288|     ap_fifo|                  conv2d_64_padded_window_stream_11|       pointer|
|conv2d_64_padded_window_stream_11_num_data_valid  |   in|    3|     ap_fifo|                  conv2d_64_padded_window_stream_11|       pointer|
|conv2d_64_padded_window_stream_11_fifo_cap        |   in|    3|     ap_fifo|                  conv2d_64_padded_window_stream_11|       pointer|
|conv2d_64_padded_window_stream_11_full_n          |   in|    1|     ap_fifo|                  conv2d_64_padded_window_stream_11|       pointer|
|conv2d_64_padded_window_stream_11_write           |  out|    1|     ap_fifo|                  conv2d_64_padded_window_stream_11|       pointer|
|conv2d_64_padded_window_stream_10_din             |  out|  288|     ap_fifo|                  conv2d_64_padded_window_stream_10|       pointer|
|conv2d_64_padded_window_stream_10_num_data_valid  |   in|    3|     ap_fifo|                  conv2d_64_padded_window_stream_10|       pointer|
|conv2d_64_padded_window_stream_10_fifo_cap        |   in|    3|     ap_fifo|                  conv2d_64_padded_window_stream_10|       pointer|
|conv2d_64_padded_window_stream_10_full_n          |   in|    1|     ap_fifo|                  conv2d_64_padded_window_stream_10|       pointer|
|conv2d_64_padded_window_stream_10_write           |  out|    1|     ap_fifo|                  conv2d_64_padded_window_stream_10|       pointer|
|conv2d_64_padded_window_stream_9_din              |  out|  288|     ap_fifo|                   conv2d_64_padded_window_stream_9|       pointer|
|conv2d_64_padded_window_stream_9_num_data_valid   |   in|    3|     ap_fifo|                   conv2d_64_padded_window_stream_9|       pointer|
|conv2d_64_padded_window_stream_9_fifo_cap         |   in|    3|     ap_fifo|                   conv2d_64_padded_window_stream_9|       pointer|
|conv2d_64_padded_window_stream_9_full_n           |   in|    1|     ap_fifo|                   conv2d_64_padded_window_stream_9|       pointer|
|conv2d_64_padded_window_stream_9_write            |  out|    1|     ap_fifo|                   conv2d_64_padded_window_stream_9|       pointer|
|conv2d_64_padded_window_stream_8_din              |  out|  288|     ap_fifo|                   conv2d_64_padded_window_stream_8|       pointer|
|conv2d_64_padded_window_stream_8_num_data_valid   |   in|    3|     ap_fifo|                   conv2d_64_padded_window_stream_8|       pointer|
|conv2d_64_padded_window_stream_8_fifo_cap         |   in|    3|     ap_fifo|                   conv2d_64_padded_window_stream_8|       pointer|
|conv2d_64_padded_window_stream_8_full_n           |   in|    1|     ap_fifo|                   conv2d_64_padded_window_stream_8|       pointer|
|conv2d_64_padded_window_stream_8_write            |  out|    1|     ap_fifo|                   conv2d_64_padded_window_stream_8|       pointer|
|conv2d_64_padded_window_stream_7_din              |  out|  288|     ap_fifo|                   conv2d_64_padded_window_stream_7|       pointer|
|conv2d_64_padded_window_stream_7_num_data_valid   |   in|    3|     ap_fifo|                   conv2d_64_padded_window_stream_7|       pointer|
|conv2d_64_padded_window_stream_7_fifo_cap         |   in|    3|     ap_fifo|                   conv2d_64_padded_window_stream_7|       pointer|
|conv2d_64_padded_window_stream_7_full_n           |   in|    1|     ap_fifo|                   conv2d_64_padded_window_stream_7|       pointer|
|conv2d_64_padded_window_stream_7_write            |  out|    1|     ap_fifo|                   conv2d_64_padded_window_stream_7|       pointer|
|conv2d_64_padded_window_stream_6_din              |  out|  288|     ap_fifo|                   conv2d_64_padded_window_stream_6|       pointer|
|conv2d_64_padded_window_stream_6_num_data_valid   |   in|    3|     ap_fifo|                   conv2d_64_padded_window_stream_6|       pointer|
|conv2d_64_padded_window_stream_6_fifo_cap         |   in|    3|     ap_fifo|                   conv2d_64_padded_window_stream_6|       pointer|
|conv2d_64_padded_window_stream_6_full_n           |   in|    1|     ap_fifo|                   conv2d_64_padded_window_stream_6|       pointer|
|conv2d_64_padded_window_stream_6_write            |  out|    1|     ap_fifo|                   conv2d_64_padded_window_stream_6|       pointer|
|conv2d_64_padded_window_stream_5_din              |  out|  288|     ap_fifo|                   conv2d_64_padded_window_stream_5|       pointer|
|conv2d_64_padded_window_stream_5_num_data_valid   |   in|    3|     ap_fifo|                   conv2d_64_padded_window_stream_5|       pointer|
|conv2d_64_padded_window_stream_5_fifo_cap         |   in|    3|     ap_fifo|                   conv2d_64_padded_window_stream_5|       pointer|
|conv2d_64_padded_window_stream_5_full_n           |   in|    1|     ap_fifo|                   conv2d_64_padded_window_stream_5|       pointer|
|conv2d_64_padded_window_stream_5_write            |  out|    1|     ap_fifo|                   conv2d_64_padded_window_stream_5|       pointer|
|conv2d_64_padded_window_stream_4_din              |  out|  288|     ap_fifo|                   conv2d_64_padded_window_stream_4|       pointer|
|conv2d_64_padded_window_stream_4_num_data_valid   |   in|    3|     ap_fifo|                   conv2d_64_padded_window_stream_4|       pointer|
|conv2d_64_padded_window_stream_4_fifo_cap         |   in|    3|     ap_fifo|                   conv2d_64_padded_window_stream_4|       pointer|
|conv2d_64_padded_window_stream_4_full_n           |   in|    1|     ap_fifo|                   conv2d_64_padded_window_stream_4|       pointer|
|conv2d_64_padded_window_stream_4_write            |  out|    1|     ap_fifo|                   conv2d_64_padded_window_stream_4|       pointer|
|conv2d_64_padded_window_stream_3_din              |  out|  288|     ap_fifo|                   conv2d_64_padded_window_stream_3|       pointer|
|conv2d_64_padded_window_stream_3_num_data_valid   |   in|    3|     ap_fifo|                   conv2d_64_padded_window_stream_3|       pointer|
|conv2d_64_padded_window_stream_3_fifo_cap         |   in|    3|     ap_fifo|                   conv2d_64_padded_window_stream_3|       pointer|
|conv2d_64_padded_window_stream_3_full_n           |   in|    1|     ap_fifo|                   conv2d_64_padded_window_stream_3|       pointer|
|conv2d_64_padded_window_stream_3_write            |  out|    1|     ap_fifo|                   conv2d_64_padded_window_stream_3|       pointer|
|conv2d_64_padded_window_stream_2_din              |  out|  288|     ap_fifo|                   conv2d_64_padded_window_stream_2|       pointer|
|conv2d_64_padded_window_stream_2_num_data_valid   |   in|    3|     ap_fifo|                   conv2d_64_padded_window_stream_2|       pointer|
|conv2d_64_padded_window_stream_2_fifo_cap         |   in|    3|     ap_fifo|                   conv2d_64_padded_window_stream_2|       pointer|
|conv2d_64_padded_window_stream_2_full_n           |   in|    1|     ap_fifo|                   conv2d_64_padded_window_stream_2|       pointer|
|conv2d_64_padded_window_stream_2_write            |  out|    1|     ap_fifo|                   conv2d_64_padded_window_stream_2|       pointer|
|conv2d_64_padded_window_stream_1_din              |  out|  288|     ap_fifo|                   conv2d_64_padded_window_stream_1|       pointer|
|conv2d_64_padded_window_stream_1_num_data_valid   |   in|    3|     ap_fifo|                   conv2d_64_padded_window_stream_1|       pointer|
|conv2d_64_padded_window_stream_1_fifo_cap         |   in|    3|     ap_fifo|                   conv2d_64_padded_window_stream_1|       pointer|
|conv2d_64_padded_window_stream_1_full_n           |   in|    1|     ap_fifo|                   conv2d_64_padded_window_stream_1|       pointer|
|conv2d_64_padded_window_stream_1_write            |  out|    1|     ap_fifo|                   conv2d_64_padded_window_stream_1|       pointer|
|conv2d_64_padded_window_stream_0_din              |  out|  288|     ap_fifo|                   conv2d_64_padded_window_stream_0|       pointer|
|conv2d_64_padded_window_stream_0_num_data_valid   |   in|    3|     ap_fifo|                   conv2d_64_padded_window_stream_0|       pointer|
|conv2d_64_padded_window_stream_0_fifo_cap         |   in|    3|     ap_fifo|                   conv2d_64_padded_window_stream_0|       pointer|
|conv2d_64_padded_window_stream_0_full_n           |   in|    1|     ap_fifo|                   conv2d_64_padded_window_stream_0|       pointer|
|conv2d_64_padded_window_stream_0_write            |  out|    1|     ap_fifo|                   conv2d_64_padded_window_stream_0|       pointer|
|conv2d_64_padded_window_stream_31_din             |  out|  288|     ap_fifo|                  conv2d_64_padded_window_stream_31|       pointer|
|conv2d_64_padded_window_stream_31_num_data_valid  |   in|    3|     ap_fifo|                  conv2d_64_padded_window_stream_31|       pointer|
|conv2d_64_padded_window_stream_31_fifo_cap        |   in|    3|     ap_fifo|                  conv2d_64_padded_window_stream_31|       pointer|
|conv2d_64_padded_window_stream_31_full_n          |   in|    1|     ap_fifo|                  conv2d_64_padded_window_stream_31|       pointer|
|conv2d_64_padded_window_stream_31_write           |  out|    1|     ap_fifo|                  conv2d_64_padded_window_stream_31|       pointer|
+--------------------------------------------------+-----+-----+------------+---------------------------------------------------+--------------+

