

================================================================
== Vitis HLS Report for 'softmax_10u_128u_Pipeline_feature_map'
================================================================
* Date:           Tue Oct 18 21:21:15 2022

* Version:        2022.1 (Build 3526262 on Mon Apr 18 15:47:01 MDT 2022)
* Project:        forward_prop
* Solution:       solution1 (Vitis Kernel Flow Target)
* Product family: virtexuplus
* Target device:  xcvu5p-flva2104-1-e


================================================================
== Performance Estimates
================================================================
+ Timing: 
    * Summary: 
    +--------+----------+----------+------------+
    |  Clock |  Target  | Estimated| Uncertainty|
    +--------+----------+----------+------------+
    |ap_clk  |  10.00 ns|  7.297 ns|     2.70 ns|
    +--------+----------+----------+------------+

+ Latency: 
    * Summary: 
    +---------+---------+----------+----------+-----+-----+---------+
    |  Latency (cycles) |  Latency (absolute) |  Interval | Pipeline|
    |   min   |   max   |    min   |    max   | min | max |   Type  |
    +---------+---------+----------+----------+-----+-----+---------+
    |       20|       20|  0.200 us|  0.200 us|   20|   20|       no|
    +---------+---------+----------+----------+-----+-----+---------+

    + Detail: 
        * Instance: 
        N/A

        * Loop: 
        +---------------+---------+---------+----------+-----------+-----------+------+----------+
        |               |  Latency (cycles) | Iteration|  Initiation Interval  | Trip |          |
        |   Loop Name   |   min   |   max   |  Latency |  achieved |   target  | Count| Pipelined|
        +---------------+---------+---------+----------+-----------+-----------+------+----------+
        |- feature_map  |       18|       18|        10|          1|          1|    10|       yes|
        +---------------+---------+---------+----------+-----------+-----------+------+----------+



================================================================
== Utilization Estimates
================================================================
* Summary: 
+---------------------+---------+------+---------+--------+-----+
|         Name        | BRAM_18K|  DSP |    FF   |   LUT  | URAM|
+---------------------+---------+------+---------+--------+-----+
|DSP                  |        -|     -|        -|       -|    -|
|Expression           |        -|     -|        0|      25|    -|
|FIFO                 |        -|     -|        -|       -|    -|
|Instance             |        -|     -|        0|      54|    -|
|Memory               |        -|     -|        -|       -|    -|
|Multiplexer          |        -|     -|        -|      45|    -|
|Register             |        -|     -|      119|       -|    -|
+---------------------+---------+------+---------+--------+-----+
|Total                |        0|     0|      119|     124|    0|
+---------------------+---------+------+---------+--------+-----+
|Available SLR        |     1024|  1737|   600577|  300288|  235|
+---------------------+---------+------+---------+--------+-----+
|Utilization SLR (%)  |        0|     0|       ~0|      ~0|    0|
+---------------------+---------+------+---------+--------+-----+
|Available            |     2048|  3474|  1201154|  600577|  470|
+---------------------+---------+------+---------+--------+-----+
|Utilization (%)      |        0|     0|       ~0|      ~0|    0|
+---------------------+---------+------+---------+--------+-----+

+ Detail: 
    * Instance: 
    +-----------------------+----------------+---------+----+---+----+-----+
    |        Instance       |     Module     | BRAM_18K| DSP| FF| LUT| URAM|
    +-----------------------+----------------+---------+----+---+----+-----+
    |mux_104_32_1_1_U20424  |mux_104_32_1_1  |        0|   0|  0|  54|    0|
    +-----------------------+----------------+---------+----+---+----+-----+
    |Total                  |                |        0|   0|  0|  54|    0|
    +-----------------------+----------------+---------+----+---+----+-----+

    * DSP: 
    N/A

    * Memory: 
    N/A

    * FIFO: 
    N/A

    * Expression: 
    +---------------------------+----------+----+---+----+------------+------------+
    |       Variable Name       | Operation| DSP| FF| LUT| Bitwidth P0| Bitwidth P1|
    +---------------------------+----------+----+---+----+------------+------------+
    |add_ln489_fu_162_p2        |         +|   0|  0|  12|           4|           1|
    |ap_block_pp0_stage0_00001  |       and|   0|  0|   2|           1|           1|
    |icmp_ln489_fu_156_p2       |      icmp|   0|  0|   9|           4|           4|
    |ap_enable_pp0              |       xor|   0|  0|   2|           1|           2|
    +---------------------------+----------+----+---+----+------------+------------+
    |Total                      |          |   0|  0|  25|          10|           8|
    +---------------------------+----------+----+---+----+------------+------------+

    * Multiplexer: 
    +----------------------------+----+-----------+-----+-----------+
    |            Name            | LUT| Input Size| Bits| Total Bits|
    +----------------------------+----+-----------+-----+-----------+
    |ap_done_int                 |   9|          2|    1|          2|
    |ap_enable_reg_pp0_iter1     |   9|          2|    1|          2|
    |ap_sig_allocacmp_kernel_1   |   9|          2|    4|          8|
    |kernel_fu_62                |   9|          2|    4|          8|
    |softmax_f_map_out135_blk_n  |   9|          2|    1|          2|
    +----------------------------+----+-----------+-----+-----------+
    |Total                       |  45|         10|   11|         22|
    +----------------------------+----+-----------+-----+-----------+

    * Register: 
    +----------------------------------+----+----+-----+-----------+
    |               Name               | FF | LUT| Bits| Const Bits|
    +----------------------------------+----+----+-----+-----------+
    |ap_CS_fsm                         |   1|   0|    1|          0|
    |ap_done_reg                       |   1|   0|    1|          0|
    |ap_enable_reg_pp0_iter1           |   1|   0|    1|          0|
    |ap_enable_reg_pp0_iter2           |   1|   0|    1|          0|
    |ap_enable_reg_pp0_iter3           |   1|   0|    1|          0|
    |ap_enable_reg_pp0_iter4           |   1|   0|    1|          0|
    |ap_enable_reg_pp0_iter5           |   1|   0|    1|          0|
    |ap_enable_reg_pp0_iter6           |   1|   0|    1|          0|
    |ap_enable_reg_pp0_iter7           |   1|   0|    1|          0|
    |ap_enable_reg_pp0_iter8           |   1|   0|    1|          0|
    |ap_enable_reg_pp0_iter9           |   1|   0|    1|          0|
    |ap_loop_exit_ready_pp0_iter1_reg  |   1|   0|    1|          0|
    |ap_loop_exit_ready_pp0_iter2_reg  |   1|   0|    1|          0|
    |ap_loop_exit_ready_pp0_iter3_reg  |   1|   0|    1|          0|
    |ap_loop_exit_ready_pp0_iter4_reg  |   1|   0|    1|          0|
    |ap_loop_exit_ready_pp0_iter5_reg  |   1|   0|    1|          0|
    |ap_loop_exit_ready_pp0_iter6_reg  |   1|   0|    1|          0|
    |ap_loop_exit_ready_pp0_iter7_reg  |   1|   0|    1|          0|
    |ap_loop_exit_ready_pp0_iter8_reg  |   1|   0|    1|          0|
    |kernel_fu_62                      |   4|   0|    4|          0|
    |p_x_assign_1_reg_224              |  32|   0|   32|          0|
    |temp_out_reg_229                  |  32|   0|   32|          0|
    |tmp_s_reg_219                     |  32|   0|   32|          0|
    +----------------------------------+----+----+-----+-----------+
    |Total                             | 119|   0|  119|          0|
    +----------------------------------+----+----+-----+-----------+



================================================================
== Interface
================================================================
* Summary: 
+-------------------------------------+-----+-----+------------+-----------------------------------------+--------------+
|              RTL Ports              | Dir | Bits|  Protocol  |              Source Object              |    C Type    |
+-------------------------------------+-----+-----+------------+-----------------------------------------+--------------+
|ap_clk                               |   in|    1|  ap_ctrl_hs|  softmax<10u, 128u>_Pipeline_feature_map|  return value|
|ap_rst                               |   in|    1|  ap_ctrl_hs|  softmax<10u, 128u>_Pipeline_feature_map|  return value|
|ap_start                             |   in|    1|  ap_ctrl_hs|  softmax<10u, 128u>_Pipeline_feature_map|  return value|
|ap_done                              |  out|    1|  ap_ctrl_hs|  softmax<10u, 128u>_Pipeline_feature_map|  return value|
|ap_idle                              |  out|    1|  ap_ctrl_hs|  softmax<10u, 128u>_Pipeline_feature_map|  return value|
|ap_ready                             |  out|    1|  ap_ctrl_hs|  softmax<10u, 128u>_Pipeline_feature_map|  return value|
|grp_fu_203_p_din0                    |  out|   32|  ap_ctrl_hs|  softmax<10u, 128u>_Pipeline_feature_map|  return value|
|grp_fu_203_p_din1                    |  out|   32|  ap_ctrl_hs|  softmax<10u, 128u>_Pipeline_feature_map|  return value|
|grp_fu_203_p_opcode                  |  out|    1|  ap_ctrl_hs|  softmax<10u, 128u>_Pipeline_feature_map|  return value|
|grp_fu_203_p_dout0                   |   in|   32|  ap_ctrl_hs|  softmax<10u, 128u>_Pipeline_feature_map|  return value|
|grp_fu_203_p_ce                      |  out|    1|  ap_ctrl_hs|  softmax<10u, 128u>_Pipeline_feature_map|  return value|
|grp_fu_631_p_din0                    |  out|   32|  ap_ctrl_hs|  softmax<10u, 128u>_Pipeline_feature_map|  return value|
|grp_fu_631_p_din1                    |  out|   32|  ap_ctrl_hs|  softmax<10u, 128u>_Pipeline_feature_map|  return value|
|grp_fu_631_p_dout0                   |   in|   32|  ap_ctrl_hs|  softmax<10u, 128u>_Pipeline_feature_map|  return value|
|grp_fu_631_p_ce                      |  out|    1|  ap_ctrl_hs|  softmax<10u, 128u>_Pipeline_feature_map|  return value|
|softmax_f_map_out135_din             |  out|   32|     ap_fifo|                     softmax_f_map_out135|       pointer|
|softmax_f_map_out135_num_data_valid  |   in|    5|     ap_fifo|                     softmax_f_map_out135|       pointer|
|softmax_f_map_out135_fifo_cap        |   in|    5|     ap_fifo|                     softmax_f_map_out135|       pointer|
|softmax_f_map_out135_full_n          |   in|    1|     ap_fifo|                     softmax_f_map_out135|       pointer|
|softmax_f_map_out135_write           |  out|    1|     ap_fifo|                     softmax_f_map_out135|       pointer|
|add1827_reload                       |   in|   32|     ap_none|                           add1827_reload|        scalar|
|add18_129_reload                     |   in|   32|     ap_none|                         add18_129_reload|        scalar|
|add18_231_reload                     |   in|   32|     ap_none|                         add18_231_reload|        scalar|
|add18_333_reload                     |   in|   32|     ap_none|                         add18_333_reload|        scalar|
|add18_435_reload                     |   in|   32|     ap_none|                         add18_435_reload|        scalar|
|add18_537_reload                     |   in|   32|     ap_none|                         add18_537_reload|        scalar|
|add18_639_reload                     |   in|   32|     ap_none|                         add18_639_reload|        scalar|
|add18_741_reload                     |   in|   32|     ap_none|                         add18_741_reload|        scalar|
|add18_843_reload                     |   in|   32|     ap_none|                         add18_843_reload|        scalar|
|add18_945_reload                     |   in|   32|     ap_none|                         add18_945_reload|        scalar|
|constant_r                           |   in|   32|     ap_none|                               constant_r|        scalar|
+-------------------------------------+-----+-----+------------+-----------------------------------------+--------------+

