

================================================================
== Vitis HLS Report for 'write_gmem_Pipeline_VITIS_LOOP_527_4'
================================================================
* Date:           Tue Oct 18 21:21:21 2022

* Version:        2022.1 (Build 3526262 on Mon Apr 18 15:47:01 MDT 2022)
* Project:        forward_prop
* Solution:       solution1 (Vitis Kernel Flow Target)
* Product family: virtexuplus
* Target device:  xcvu5p-flva2104-1-e


================================================================
== Performance Estimates
================================================================
+ Timing: 
    * Summary: 
    +--------+----------+----------+------------+
    |  Clock |  Target  | Estimated| Uncertainty|
    +--------+----------+----------+------------+
    |ap_clk  |  10.00 ns|  7.300 ns|     2.70 ns|
    +--------+----------+----------+------------+

+ Latency: 
    * Summary: 
    +---------+---------+-----------+-----------+------+------+---------+
    |  Latency (cycles) |   Latency (absolute)  |   Interval  | Pipeline|
    |   min   |   max   |    min    |    max    |  min |  max |   Type  |
    +---------+---------+-----------+-----------+------+------+---------+
    |     3139|     3139|  31.390 us|  31.390 us|  3139|  3139|       no|
    +---------+---------+-----------+-----------+------+------+---------+

    + Detail: 
        * Instance: 
        N/A

        * Loop: 
        +--------------------+---------+---------+----------+-----------+-----------+------+----------+
        |                    |  Latency (cycles) | Iteration|  Initiation Interval  | Trip |          |
        |      Loop Name     |   min   |   max   |  Latency |  achieved |   target  | Count| Pipelined|
        +--------------------+---------+---------+----------+-----------+-----------+------+----------+
        |- VITIS_LOOP_527_4  |     3137|     3137|         3|          1|          1|  3136|       yes|
        +--------------------+---------+---------+----------+-----------+-----------+------+----------+



================================================================
== Utilization Estimates
================================================================
* Summary: 
+---------------------+---------+------+---------+--------+-----+
|         Name        | BRAM_18K|  DSP |    FF   |   LUT  | URAM|
+---------------------+---------+------+---------+--------+-----+
|DSP                  |        -|     -|        -|       -|    -|
|Expression           |        -|     -|        0|     523|    -|
|FIFO                 |        -|     -|        -|       -|    -|
|Instance             |        -|     -|        -|       -|    -|
|Memory               |        -|     -|        -|       -|    -|
|Multiplexer          |        -|     -|        -|      63|    -|
|Register             |        -|     -|      532|       -|    -|
+---------------------+---------+------+---------+--------+-----+
|Total                |        0|     0|      532|     586|    0|
+---------------------+---------+------+---------+--------+-----+
|Available SLR        |     1024|  1737|   600577|  300288|  235|
+---------------------+---------+------+---------+--------+-----+
|Utilization SLR (%)  |        0|     0|       ~0|      ~0|    0|
+---------------------+---------+------+---------+--------+-----+
|Available            |     2048|  3474|  1201154|  600577|  470|
+---------------------+---------+------+---------+--------+-----+
|Utilization (%)      |        0|     0|       ~0|      ~0|    0|
+---------------------+---------+------+---------+--------+-----+

+ Detail: 
    * Instance: 
    N/A

    * DSP: 
    N/A

    * Memory: 
    N/A

    * FIFO: 
    N/A

    * Expression: 
    +----------------------------------+----------+----+---+-----+------------+------------+
    |           Variable Name          | Operation| DSP| FF| LUT | Bitwidth P0| Bitwidth P1|
    +----------------------------------+----------+----+---+-----+------------+------------+
    |add_ln527_fu_119_p2               |         +|   0|  0|   19|          12|           1|
    |ap_block_pp0_stage0_01001         |       and|   0|  0|    2|           1|           1|
    |ap_block_state2_pp0_stage0_iter1  |       and|   0|  0|    2|           1|           1|
    |ap_block_state3_io                |       and|   0|  0|    2|           1|           1|
    |icmp_ln527_fu_113_p2              |      icmp|   0|  0|   12|          12|          11|
    |icmp_ln528_fu_129_p2              |      icmp|   0|  0|    9|           4|           2|
    |ap_block_pp0_stage0_11001         |        or|   0|  0|    2|           1|           1|
    |select_ln528_fu_176_p3            |    select|   0|  0|  473|           1|           1|
    |ap_enable_pp0                     |       xor|   0|  0|    2|           1|           2|
    +----------------------------------+----------+----+---+-----+------------+------------+
    |Total                             |          |   0|  0|  523|          34|          21|
    +----------------------------------+----------+----+---+-----+------------+------------+

    * Multiplexer: 
    +------------------------------+----+-----------+-----+-----------+
    |             Name             | LUT| Input Size| Bits| Total Bits|
    +------------------------------+----+-----------+-----+-----------+
    |ap_done_int                   |   9|          2|    1|          2|
    |ap_enable_reg_pp0_iter2       |   9|          2|    1|          2|
    |ap_sig_allocacmp_i            |   9|          2|   12|         24|
    |gmem_blk_n_W                  |   9|          2|    1|          2|
    |i_3_fu_72                     |   9|          2|   12|         24|
    |maxp2d_64_f_map_out133_blk_n  |   9|          2|    1|          2|
    |phi_ln528_fu_68               |   9|          2|  480|        960|
    +------------------------------+----+-----------+-----+-----------+
    |Total                         |  63|         14|  508|       1016|
    +------------------------------+----+-----------+-----+-----------+

    * Register: 
    +----------------------------------+-----+----+-----+-----------+
    |               Name               |  FF | LUT| Bits| Const Bits|
    +----------------------------------+-----+----+-----+-----------+
    |ap_CS_fsm                         |    1|   0|    1|          0|
    |ap_done_reg                       |    1|   0|    1|          0|
    |ap_enable_reg_pp0_iter1           |    1|   0|    1|          0|
    |ap_enable_reg_pp0_iter2           |    1|   0|    1|          0|
    |ap_loop_exit_ready_pp0_iter1_reg  |    1|   0|    1|          0|
    |i_3_fu_72                         |   12|   0|   12|          0|
    |icmp_ln527_reg_208                |    1|   0|    1|          0|
    |icmp_ln528_reg_212                |    1|   0|    1|          0|
    |icmp_ln528_reg_212_pp0_iter1_reg  |    1|   0|    1|          0|
    |phi_ln528_fu_68                   |  480|   0|  480|          0|
    |tmp_reg_222                       |   32|   0|   32|          0|
    +----------------------------------+-----+----+-----+-----------+
    |Total                             |  532|   0|  532|          0|
    +----------------------------------+-----+----+-----+-----------+



================================================================
== Interface
================================================================
* Summary: 
+---------------------------------------+-----+-----+------------+--------------------------------------+--------------+
|               RTL Ports               | Dir | Bits|  Protocol  |             Source Object            |    C Type    |
+---------------------------------------+-----+-----+------------+--------------------------------------+--------------+
|ap_clk                                 |   in|    1|  ap_ctrl_hs|  write_gmem_Pipeline_VITIS_LOOP_527_4|  return value|
|ap_rst                                 |   in|    1|  ap_ctrl_hs|  write_gmem_Pipeline_VITIS_LOOP_527_4|  return value|
|ap_start                               |   in|    1|  ap_ctrl_hs|  write_gmem_Pipeline_VITIS_LOOP_527_4|  return value|
|ap_done                                |  out|    1|  ap_ctrl_hs|  write_gmem_Pipeline_VITIS_LOOP_527_4|  return value|
|ap_idle                                |  out|    1|  ap_ctrl_hs|  write_gmem_Pipeline_VITIS_LOOP_527_4|  return value|
|ap_ready                               |  out|    1|  ap_ctrl_hs|  write_gmem_Pipeline_VITIS_LOOP_527_4|  return value|
|maxp2d_64_f_map_out133_dout            |   in|   32|     ap_fifo|                maxp2d_64_f_map_out133|       pointer|
|maxp2d_64_f_map_out133_num_data_valid  |   in|   13|     ap_fifo|                maxp2d_64_f_map_out133|       pointer|
|maxp2d_64_f_map_out133_fifo_cap        |   in|   13|     ap_fifo|                maxp2d_64_f_map_out133|       pointer|
|maxp2d_64_f_map_out133_empty_n         |   in|    1|     ap_fifo|                maxp2d_64_f_map_out133|       pointer|
|maxp2d_64_f_map_out133_read            |  out|    1|     ap_fifo|                maxp2d_64_f_map_out133|       pointer|
|m_axi_gmem_AWVALID                     |  out|    1|       m_axi|                                  gmem|       pointer|
|m_axi_gmem_AWREADY                     |   in|    1|       m_axi|                                  gmem|       pointer|
|m_axi_gmem_AWADDR                      |  out|   64|       m_axi|                                  gmem|       pointer|
|m_axi_gmem_AWID                        |  out|    1|       m_axi|                                  gmem|       pointer|
|m_axi_gmem_AWLEN                       |  out|   32|       m_axi|                                  gmem|       pointer|
|m_axi_gmem_AWSIZE                      |  out|    3|       m_axi|                                  gmem|       pointer|
|m_axi_gmem_AWBURST                     |  out|    2|       m_axi|                                  gmem|       pointer|
|m_axi_gmem_AWLOCK                      |  out|    2|       m_axi|                                  gmem|       pointer|
|m_axi_gmem_AWCACHE                     |  out|    4|       m_axi|                                  gmem|       pointer|
|m_axi_gmem_AWPROT                      |  out|    3|       m_axi|                                  gmem|       pointer|
|m_axi_gmem_AWQOS                       |  out|    4|       m_axi|                                  gmem|       pointer|
|m_axi_gmem_AWREGION                    |  out|    4|       m_axi|                                  gmem|       pointer|
|m_axi_gmem_AWUSER                      |  out|    1|       m_axi|                                  gmem|       pointer|
|m_axi_gmem_WVALID                      |  out|    1|       m_axi|                                  gmem|       pointer|
|m_axi_gmem_WREADY                      |   in|    1|       m_axi|                                  gmem|       pointer|
|m_axi_gmem_WDATA                       |  out|  512|       m_axi|                                  gmem|       pointer|
|m_axi_gmem_WSTRB                       |  out|   64|       m_axi|                                  gmem|       pointer|
|m_axi_gmem_WLAST                       |  out|    1|       m_axi|                                  gmem|       pointer|
|m_axi_gmem_WID                         |  out|    1|       m_axi|                                  gmem|       pointer|
|m_axi_gmem_WUSER                       |  out|    1|       m_axi|                                  gmem|       pointer|
|m_axi_gmem_ARVALID                     |  out|    1|       m_axi|                                  gmem|       pointer|
|m_axi_gmem_ARREADY                     |   in|    1|       m_axi|                                  gmem|       pointer|
|m_axi_gmem_ARADDR                      |  out|   64|       m_axi|                                  gmem|       pointer|
|m_axi_gmem_ARID                        |  out|    1|       m_axi|                                  gmem|       pointer|
|m_axi_gmem_ARLEN                       |  out|   32|       m_axi|                                  gmem|       pointer|
|m_axi_gmem_ARSIZE                      |  out|    3|       m_axi|                                  gmem|       pointer|
|m_axi_gmem_ARBURST                     |  out|    2|       m_axi|                                  gmem|       pointer|
|m_axi_gmem_ARLOCK                      |  out|    2|       m_axi|                                  gmem|       pointer|
|m_axi_gmem_ARCACHE                     |  out|    4|       m_axi|                                  gmem|       pointer|
|m_axi_gmem_ARPROT                      |  out|    3|       m_axi|                                  gmem|       pointer|
|m_axi_gmem_ARQOS                       |  out|    4|       m_axi|                                  gmem|       pointer|
|m_axi_gmem_ARREGION                    |  out|    4|       m_axi|                                  gmem|       pointer|
|m_axi_gmem_ARUSER                      |  out|    1|       m_axi|                                  gmem|       pointer|
|m_axi_gmem_RVALID                      |   in|    1|       m_axi|                                  gmem|       pointer|
|m_axi_gmem_RREADY                      |  out|    1|       m_axi|                                  gmem|       pointer|
|m_axi_gmem_RDATA                       |   in|  512|       m_axi|                                  gmem|       pointer|
|m_axi_gmem_RLAST                       |   in|    1|       m_axi|                                  gmem|       pointer|
|m_axi_gmem_RID                         |   in|    1|       m_axi|                                  gmem|       pointer|
|m_axi_gmem_RFIFONUM                    |   in|    9|       m_axi|                                  gmem|       pointer|
|m_axi_gmem_RUSER                       |   in|    1|       m_axi|                                  gmem|       pointer|
|m_axi_gmem_RRESP                       |   in|    2|       m_axi|                                  gmem|       pointer|
|m_axi_gmem_BVALID                      |   in|    1|       m_axi|                                  gmem|       pointer|
|m_axi_gmem_BREADY                      |  out|    1|       m_axi|                                  gmem|       pointer|
|m_axi_gmem_BRESP                       |   in|    2|       m_axi|                                  gmem|       pointer|
|m_axi_gmem_BID                         |   in|    1|       m_axi|                                  gmem|       pointer|
|m_axi_gmem_BUSER                       |   in|    1|       m_axi|                                  gmem|       pointer|
|sext_ln527                             |   in|   58|     ap_none|                            sext_ln527|        scalar|
+---------------------------------------+-----+-----+------------+--------------------------------------+--------------+

